Archive member included to satisfy reference by file (symbol)

/Applications/SEGGER Embedded Studio for ARM 3.50/lib/libc_v7em_fpv4_sp_d16_hard_t_le_eabi.a(libc2.o)
                              Output/ble_app_blinky_pca10056_s140 Release/Obj/nrf_log_str_formatter.o (isprint)
/Applications/SEGGER Embedded Studio for ARM 3.50/lib/libc_v7em_fpv4_sp_d16_hard_t_le_eabi.a(libc2_asm.o)
                              Output/ble_app_blinky_pca10056_s140 Release/Obj/nrf_log_frontend.o (memcpy)
/Applications/SEGGER Embedded Studio for ARM 3.50/lib/libc_v7em_fpv4_sp_d16_hard_t_le_eabi.a(libc.o)
                              /Applications/SEGGER Embedded Studio for ARM 3.50/lib/libc_v7em_fpv4_sp_d16_hard_t_le_eabi.a(libc2.o) (__heap_lock)
/Applications/SEGGER Embedded Studio for ARM 3.50/lib/libc_v7em_fpv4_sp_d16_hard_t_le_eabi.a(libc_asm.o)
                              /Applications/SEGGER Embedded Studio for ARM 3.50/lib/libc_v7em_fpv4_sp_d16_hard_t_le_eabi.a(libc2.o) (__aeabi_uldivmod)
/Applications/SEGGER Embedded Studio for ARM 3.50/lib/libdebugio_v7em_fpv4_sp_d16_hard_t_le_eabi.a(libdebugio.o)
                              Output/ble_app_blinky_pca10056_s140 Release/Obj/thumb_crt0.o (debug_fopen)
/Applications/SEGGER Embedded Studio for ARM 3.50/lib/libdebugio_mempoll_v7em_fpv4_sp_d16_hard_t_le_eabi.a(mempoll_debug_operations.o)
                              /Applications/SEGGER Embedded Studio for ARM 3.50/lib/libdebugio_v7em_fpv4_sp_d16_hard_t_le_eabi.a(libdebugio.o) (__do_debug_operation)
/Applications/SEGGER Embedded Studio for ARM 3.50/lib/libdebugio_mempoll_v7em_fpv4_sp_d16_hard_t_le_eabi.a(do_nv_debug_operation.o)
                              /Applications/SEGGER Embedded Studio for ARM 3.50/lib/libdebugio_v7em_fpv4_sp_d16_hard_t_le_eabi.a(libdebugio.o) (__do_nvdebug_operation)
/Applications/SEGGER Embedded Studio for ARM 3.50/lib/libm_v7em_fpv4_sp_d16_hard_t_le_eabi.a(libm_asm.o)
                              /Applications/SEGGER Embedded Studio for ARM 3.50/lib/libc_v7em_fpv4_sp_d16_hard_t_le_eabi.a(libc2.o) (__aeabi_i2d)
/Applications/SEGGER Embedded Studio for ARM 3.50/lib/libm_v7em_fpv4_sp_d16_hard_t_le_eabi.a(libm2.o)
                              /Applications/SEGGER Embedded Studio for ARM 3.50/lib/libvfprintf_v7em_fpv4_sp_d16_hard_t_le_eabi.o (frexp)
/Applications/SEGGER Embedded Studio for ARM 3.50/lib/libm_v7em_fpv4_sp_d16_hard_t_le_eabi.a(libm2_asm.o)
                              /Applications/SEGGER Embedded Studio for ARM 3.50/lib/libm_v7em_fpv4_sp_d16_hard_t_le_eabi.a(libm2.o) (fabs)

Discarded input sections

 .text          0x0000000000000000        0x0 Output/ble_app_blinky_pca10056_s140 Release/Obj/thumb_crt0.o
 .data          0x0000000000000000        0x0 Output/ble_app_blinky_pca10056_s140 Release/Obj/thumb_crt0.o
 .bss           0x0000000000000000        0x0 Output/ble_app_blinky_pca10056_s140 Release/Obj/thumb_crt0.o
 .text.__aeabi_read_tp
                0x0000000000000000        0x8 Output/ble_app_blinky_pca10056_s140 Release/Obj/thumb_crt0.o
 .text.abort    0x0000000000000000        0x2 Output/ble_app_blinky_pca10056_s140 Release/Obj/thumb_crt0.o
 .text.__assert
                0x0000000000000000        0x2 Output/ble_app_blinky_pca10056_s140 Release/Obj/thumb_crt0.o
 .text.__aeabi_assert
                0x0000000000000000        0x2 Output/ble_app_blinky_pca10056_s140 Release/Obj/thumb_crt0.o
 .text.__sync_synchronize
                0x0000000000000000        0x2 Output/ble_app_blinky_pca10056_s140 Release/Obj/thumb_crt0.o
 .text.__getchar
                0x0000000000000000        0x4 Output/ble_app_blinky_pca10056_s140 Release/Obj/thumb_crt0.o
 .text.__putchar
                0x0000000000000000        0x4 Output/ble_app_blinky_pca10056_s140 Release/Obj/thumb_crt0.o
 .text.__open   0x0000000000000000        0x4 Output/ble_app_blinky_pca10056_s140 Release/Obj/thumb_crt0.o
 .text.__close  0x0000000000000000        0x4 Output/ble_app_blinky_pca10056_s140 Release/Obj/thumb_crt0.o
 .text.__write  0x0000000000000000        0xa Output/ble_app_blinky_pca10056_s140 Release/Obj/thumb_crt0.o
 .text.__read   0x0000000000000000        0xa Output/ble_app_blinky_pca10056_s140 Release/Obj/thumb_crt0.o
 .text.__seek   0x0000000000000000       0x1a Output/ble_app_blinky_pca10056_s140 Release/Obj/thumb_crt0.o
 .bss.__user_locale_name_buffer
                0x0000000000000000        0x4 Output/ble_app_blinky_pca10056_s140 Release/Obj/thumb_crt0.o
 .stack         0x0000000000000000        0x0 Output/ble_app_blinky_pca10056_s140 Release/Obj/thumb_crt0.o
 .stack_process
                0x0000000000000000        0x0 Output/ble_app_blinky_pca10056_s140 Release/Obj/thumb_crt0.o
 .heap          0x0000000000000000        0x0 Output/ble_app_blinky_pca10056_s140 Release/Obj/thumb_crt0.o
 .group         0x0000000000000000        0xc Output/ble_app_blinky_pca10056_s140 Release/Obj/nrf_log_backend_rtt.o
[...]
Memory Configuration

Name             Origin             Length             Attributes
UNPLACED_SECTIONS 0x0000000100000000 0x0000000000000000 xw
RAM              0x0000000020000000 0x0000000000040000 xw
FLASH            0x0000000000000000 0x0000000000100000 xw
*default*        0x0000000000000000 0xffffffffffffffff

Linker script and memory map

                0x0000000000000000                __vfprintf = __vfprintf_long
                0x0000000000000000                __vfscanf = __vfscanf_int
                0x0000000020000000                __RAM_segment_start__ = 0x20000000
                0x0000000020040000                __RAM_segment_end__ = 0x20040000
                0x0000000000040000                __RAM_segment_size__ = 0x40000
                0x0000000000000000                __FLASH_segment_start__ = 0x0
                0x0000000000100000                __FLASH_segment_end__ = 0x100000
                0x0000000000100000                __FLASH_segment_size__ = 0x100000
                0x0000000000002000                __HEAPSIZE__ = 0x2000
                0x0000000000000000                __STACKSIZE_PROCESS__ = 0x0
                0x0000000000002000                __STACKSIZE__ = 0x2000
                0x0000000020000000                __reserved_ram_load_start__ = 0x20000000

.reserved_ram   0x0000000020000000     0x22e0
                0x0000000020000000                __reserved_ram_start__ = .
 *(.reserved_ram .reserved_ram.*)
                0x00000000200022e0                . = MAX (((__reserved_ram_start__ + 0x200022e0) - 0x20000000), .)
 *fill*         0x0000000020000000     0x22e0 
                0x00000000200022e0                __reserved_ram_end__ = (__reserved_ram_start__ + SIZEOF (.reserved_ram))
                0x00000000000022e0                __reserved_ram_size__ = SIZEOF (.reserved_ram)
                0x00000000200022e0                __reserved_ram_load_end__ = __reserved_ram_end__
                0x0000000000000001                . = ASSERT (((__reserved_ram_start__ == __reserved_ram_end__) || ((__reserved_ram_end__ >= __RAM_segment_start__) && (__reserved_ram_end__ <= __RAM_segment_end__))), error: .reserved_ram is too large to fit in RAM memory segment)
                0x00000000200022e0                __vectors_ram_load_start__ = 0x200022e0

.vectors_ram    0x00000000200022e0        0x0
                0x00000000200022e0                __vectors_ram_start__ = .
                0x00000000200022e0                __app_ram_start__ = __vectors_ram_start__
 *(.vectors_ram .vectors_ram.*)
                0x00000000200022e0                __vectors_ram_end__ = (__vectors_ram_start__ + SIZEOF (.vectors_ram))
                0x0000000000000000                __vectors_ram_size__ = SIZEOF (.vectors_ram)
                0x00000000200022e0                __vectors_ram_load_end__ = __vectors_ram_end__
                0x0000000000000001                . = ASSERT (((__vectors_ram_start__ == __vectors_ram_end__) || ((__vectors_ram_end__ >= __RAM_segment_start__) && (__vectors_ram_end__ <= __RAM_segment_end__))), error: .vectors_ram is too large to fit in RAM memory segment)
                0x0000000000000001                . = ASSERT ((__reserved_ram_end__ <= __vectors_ram_start__), error: section .reserved_ram overlaps absolute placed section .vectors_ram)
                0x00000000200022e0                __nrf_sections_run_load_start__ = ALIGN (__vectors_ram_end__, 0x4)

.nrf_sections_run
                0x00000000200022e0        0x0
                0x00000000200022e0                __nrf_sections_run_start__ = .
                0x00000000200022e0                __start_nrf_sections_run = __nrf_sections_run_start__
 *(.nrf_sections_run .nrf_sections_run.*)
                0x00000000200022e0                __nrf_sections_run_end__ = (__nrf_sections_run_start__ + SIZEOF (.nrf_sections_run))
                0x0000000000000000                __nrf_sections_run_size__ = SIZEOF (.nrf_sections_run)
                0x00000000200022e0                __nrf_sections_run_load_end__ = __nrf_sections_run_end__
                0x0000000000000001                . = ASSERT (((__nrf_sections_run_start__ == __nrf_sections_run_end__) || ((__nrf_sections_run_end__ >= __RAM_segment_start__) && (__nrf_sections_run_end__ <= __RAM_segment_end__))), error: .nrf_sections_run is too large to fit in RAM memory segment)
                0x0000000000000000                __reserved_flash_load_start__ = 0x0

.reserved_flash
                0x0000000000000000    0x26000
                0x0000000000000000                __reserved_flash_start__ = .
 *(.reserved_flash .reserved_flash.*)
                0x0000000000026000                . = MAX (((__reserved_flash_start__ + 0x26000) - 0x0), .)
 *fill*         0x0000000000000000    0x26000 
                0x0000000000026000                __reserved_flash_end__ = (__reserved_flash_start__ + SIZEOF (.reserved_flash))
                0x0000000000026000                __reserved_flash_size__ = SIZEOF (.reserved_flash)
                0x0000000000026000                __reserved_flash_load_end__ = __reserved_flash_end__
                0x0000000000000001                . = ASSERT (((__reserved_flash_start__ == __reserved_flash_end__) || ((__reserved_flash_end__ >= __FLASH_segment_start__) && (__reserved_flash_end__ <= __FLASH_segment_end__))), error: .reserved_flash is too large to fit in FLASH memory segment)
                0x0000000000026000                __vectors_load_start__ = 0x26000

.vectors        0x0000000000026000      0x100
                0x0000000000026000                __vectors_start__ = .
 *(.vectors .vectors.*)
 .vectors       0x0000000000026000      0x100 Output/ble_app_blinky_pca10056_s140 Release/Obj/ses_nrf52840_Vectors.o
                0x0000000000026000                _vectors
                0x0000000000026100                __vectors_end__ = (__vectors_start__ + SIZEOF (.vectors))
                0x0000000000000100                __vectors_size__ = SIZEOF (.vectors)
                0x0000000000026100                __vectors_load_end__ = __vectors_end__
                0x0000000000000001                . = ASSERT (((__vectors_start__ == __vectors_end__) || ((__vectors_end__ >= __FLASH_segment_start__) && (__vectors_end__ <= __FLASH_segment_end__))), error: .vectors is too large to fit in FLASH memory segment)
                0x0000000000000001                . = ASSERT ((__reserved_flash_end__ <= __vectors_start__), error: section .reserved_flash overlaps absolute placed section .vectors)
                0x0000000000026100                __init_load_start__ = ALIGN (__vectors_end__, 0x4)

.init           0x0000000000026100      0x224
                0x0000000000026100                __init_start__ = .
 *(.init .init.*)
 .init          0x0000000000026100      0x160 Output/ble_app_blinky_pca10056_s140 Release/Obj/thumb_crt0.o
                0x0000000000026100                _start
                0x00000000000261b6                exit
 .init          0x0000000000026260       0x58 Output/ble_app_blinky_pca10056_s140 Release/Obj/ses_nRF_Startup.o
                0x0000000000026260                Reset_Handler
                0x0000000000026284                InitializeUserMemorySections
 .init          0x00000000000262b8       0x6c Output/ble_app_blinky_pca10056_s140 Release/Obj/ses_nrf52840_Vectors.o
                0x00000000000262b8                NMI_Handler
                0x00000000000262ba                HardFault_Handler
                0x00000000000262bc                MemoryManagement_Handler
                0x00000000000262be                BusFault_Handler
                0x00000000000262c0                UsageFault_Handler
                0x00000000000262c2                SVC_Handler
                0x00000000000262c4                DebugMon_Handler
                0x00000000000262c6                PendSV_Handler
                0x00000000000262c8                SysTick_Handler
                0x00000000000262ce                RADIO_IRQHandler
                0x00000000000262d2                SPIM0_SPIS0_TWIM0_TWIS0_SPI0_TWI0_IRQHandler
                0x00000000000262d4                SPIM1_SPIS1_TWIM1_TWIS1_SPI1_TWI1_IRQHandler
                0x00000000000262d6                NFCT_IRQHandler
                0x00000000000262da                SAADC_IRQHandler
                0x00000000000262dc                TIMER0_IRQHandler
                0x00000000000262de                TIMER1_IRQHandler
                0x00000000000262e0                TIMER2_IRQHandler
                0x00000000000262e2                RTC0_IRQHandler
                0x00000000000262e4                TEMP_IRQHandler
                0x00000000000262e6                RNG_IRQHandler
                0x00000000000262e8                ECB_IRQHandler
                0x00000000000262ea                CCM_AAR_IRQHandler
                0x00000000000262ec                WDT_IRQHandler
                0x00000000000262f0                QDEC_IRQHandler
                0x00000000000262f2                COMP_LPCOMP_IRQHandler
                0x00000000000262f6                SWI1_EGU1_IRQHandler
                0x00000000000262fa                SWI3_EGU3_IRQHandler
                0x00000000000262fc                SWI4_EGU4_IRQHandler
                0x00000000000262fe                SWI5_EGU5_IRQHandler
                0x0000000000026300                TIMER3_IRQHandler
                0x0000000000026302                TIMER4_IRQHandler
                0x0000000000026304                PWM0_IRQHandler
                0x0000000000026306                PDM_IRQHandler
                0x0000000000026308                MWU_IRQHandler
                0x000000000002630a                PWM1_IRQHandler
                0x000000000002630c                PWM2_IRQHandler
                0x000000000002630e                SPIM2_SPIS2_SPI2_IRQHandler
                0x0000000000026310                RTC2_IRQHandler
                0x0000000000026312                I2S_IRQHandler
                0x0000000000026314                FPU_IRQHandler
                0x0000000000026316                USBD_IRQHandler
                0x0000000000026318                UARTE1_IRQHandler
                0x000000000002631a                QSPI_IRQHandler
                0x000000000002631c                CRYPTOCELL_IRQHandler
                0x000000000002631e                SPIM3_IRQHandler
                0x0000000000026320                PWM3_IRQHandler
                0x0000000000026324                __init_end__ = (__init_start__ + SIZEOF (.init))
                0x0000000000000224                __init_size__ = SIZEOF (.init)
                0x0000000000026324                __init_load_end__ = __init_end__
                0x0000000000000001                . = ASSERT (((__init_start__ == __init_end__) || ((__init_end__ >= __FLASH_segment_start__) && (__init_end__ <= __FLASH_segment_end__))), error: .init is too large to fit in FLASH memory segment)
                0x0000000000026324                __init_rodata_load_start__ = ALIGN (__init_end__, 0x4)

.init_rodata    0x0000000000026324        0x0
                0x0000000000026324                __init_rodata_start__ = .
 *(.init_rodata .init_rodata.*)
                0x0000000000026324                __init_rodata_end__ = (__init_rodata_start__ + SIZEOF (.init_rodata))
                0x0000000000000000                __init_rodata_size__ = SIZEOF (.init_rodata)
                0x0000000000026324                __init_rodata_load_end__ = __init_rodata_end__
                0x0000000000000001                . = ASSERT (((__init_rodata_start__ == __init_rodata_end__) || ((__init_rodata_end__ >= __FLASH_segment_start__) && (__init_rodata_end__ <= __FLASH_segment_end__))), error: .init_rodata is too large to fit in FLASH memory segment)
                0x0000000000026324                __text_load_start__ = ALIGN (__init_rodata_end__, 0x4)

.text           0x0000000000026324     0x445a
                0x0000000000026324                __text_start__ = .
 *(.text .text.* .glue_7t .glue_7 .gnu.linkonce.t.* .gcc_except_table .ARM.extab* .gnu.linkonce.armextab.*)
 .glue_7        0x0000000000026324        0x0 linker stubs
 .glue_7t       0x0000000000026324        0x0 linker stubs
 .text.nrf_log_backend_serial_put
                0x0000000000026324       0xcc Output/ble_app_blinky_pca10056_s140 Release/Obj/nrf_log_backend_serial.o
                0x0000000000026324                nrf_log_backend_serial_put
 .text.uart_evt_handler
                0x00000000000263f0        0xc Output/ble_app_blinky_pca10056_s140 Release/Obj/nrf_log_backend_uart.o
 .text.nrf_log_backend_uart_flush
                0x00000000000263fc        0x2 Output/ble_app_blinky_pca10056_s140 Release/Obj/nrf_log_backend_uart.o
 *fill*         0x00000000000263fe        0x2 
 .text.uart_init
                0x0000000000026400       0x4c Output/ble_app_blinky_pca10056_s140 Release/Obj/nrf_log_backend_uart.o
 .text.nrf_log_backend_uart_put
                0x000000000002644c       0x1c Output/ble_app_blinky_pca10056_s140 Release/Obj/nrf_log_backend_uart.o
 .text.serial_tx
                0x0000000000026468       0x48 Output/ble_app_blinky_pca10056_s140 Release/Obj/nrf_log_backend_uart.o
 .text.nrf_log_backend_uart_panic_set
                0x00000000000264b0       0x2c Output/ble_app_blinky_pca10056_s140 Release/Obj/nrf_log_backend_uart.o
 .text.nrf_log_backend_uart_init
                0x00000000000264dc        0x6 Output/ble_app_blinky_pca10056_s140 Release/Obj/nrf_log_backend_uart.o
                0x00000000000264dc                nrf_log_backend_uart_init
 *fill*         0x00000000000264e2        0x2 
 .text.nrf_log_default_backends_init
                0x00000000000264e4       0x1c Output/ble_app_blinky_pca10056_s140 Release/Obj/nrf_log_default_backends.o
                0x00000000000264e4                nrf_log_default_backends_init
 .text.invalid_packets_pushed_str_omit
                0x0000000000026500       0x50 Output/ble_app_blinky_pca10056_s140 Release/Obj/nrf_log_frontend.o
 .text.buf_prealloc
                0x0000000000026550      0x134 Output/ble_app_blinky_pca10056_s140 Release/Obj/nrf_log_frontend.o
 .text.nrf_log_init
                0x0000000000026684       0x50 Output/ble_app_blinky_pca10056_s140 Release/Obj/nrf_log_frontend.o
                0x0000000000026684                nrf_log_init
 .text.nrf_log_module_name_get
                0x00000000000266d4       0x3c Output/ble_app_blinky_pca10056_s140 Release/Obj/nrf_log_frontend.o
                0x00000000000266d4                nrf_log_module_name_get
 .text.nrf_log_color_id_get
                0x0000000000026710       0x2c Output/ble_app_blinky_pca10056_s140 Release/Obj/nrf_log_frontend.o
                0x0000000000026710                nrf_log_color_id_get
 .text.buffer_is_empty
                0x000000000002673c       0x14 Output/ble_app_blinky_pca10056_s140 Release/Obj/nrf_log_frontend.o
                0x000000000002673c                buffer_is_empty
 .text.nrf_log_frontend_dequeue
                0x0000000000026750      0x214 Output/ble_app_blinky_pca10056_s140 Release/Obj/nrf_log_frontend.o
                0x0000000000026750                nrf_log_frontend_dequeue
 .text.std_n    0x0000000000026964       0xb0 Output/ble_app_blinky_pca10056_s140 Release/Obj/nrf_log_frontend.o
 .text.nrf_log_frontend_std_0
                0x0000000000026a14        0x8 Output/ble_app_blinky_pca10056_s140 Release/Obj/nrf_log_frontend.o
                0x0000000000026a14                nrf_log_frontend_std_0
 .text.nrf_log_frontend_std_1
                0x0000000000026a1c       0x14 Output/ble_app_blinky_pca10056_s140 Release/Obj/nrf_log_frontend.o
                0x0000000000026a1c                nrf_log_frontend_std_1
 .text.nrf_log_frontend_std_2
                0x0000000000026a30       0x14 Output/ble_app_blinky_pca10056_s140 Release/Obj/nrf_log_frontend.o
                0x0000000000026a30                nrf_log_frontend_std_2
 .text.nrf_log_backend_add
                0x0000000000026a44       0x44 Output/ble_app_blinky_pca10056_s140 Release/Obj/nrf_log_frontend.o
                0x0000000000026a44                nrf_log_backend_add
 .text.nrf_log_panic
                0x0000000000026a88       0x28 Output/ble_app_blinky_pca10056_s140 Release/Obj/nrf_log_frontend.o
                0x0000000000026a88                nrf_log_panic
 .text.postfix_process
                0x0000000000026ab0       0x3c Output/ble_app_blinky_pca10056_s140 Release/Obj/nrf_log_str_formatter.o
 .text.prefix_process
                0x0000000000026aec       0x78 Output/ble_app_blinky_pca10056_s140 Release/Obj/nrf_log_str_formatter.o
 .text.nrf_log_std_entry_process
                0x0000000000026b64       0xc8 Output/ble_app_blinky_pca10056_s140 Release/Obj/nrf_log_str_formatter.o
                0x0000000000026b64                nrf_log_std_entry_process
 .text.nrf_log_hexdump_entry_process
                0x0000000000026c2c       0xac Output/ble_app_blinky_pca10056_s140 Release/Obj/nrf_log_str_formatter.o
                0x0000000000026c2c                nrf_log_hexdump_entry_process
 .text.detection_delay_timeout_handler
                0x0000000000026cd8      0x104 Output/ble_app_blinky_pca10056_s140 Release/Obj/app_button.o
 .text.gpiote_event_handler
                0x0000000000026ddc       0xa8 Output/ble_app_blinky_pca10056_s140 Release/Obj/app_button.o
 .text.app_button_init
                0x0000000000026e84       0xa8 Output/ble_app_blinky_pca10056_s140 Release/Obj/app_button.o
                0x0000000000026e84                app_button_init
 .text.app_button_enable
                0x0000000000026f2c       0x2c Output/ble_app_blinky_pca10056_s140 Release/Obj/app_button.o
                0x0000000000026f2c                app_button_enable
 .text.app_button_disable
                0x0000000000026f58       0x34 Output/ble_app_blinky_pca10056_s140 Release/Obj/app_button.o
                0x0000000000026f58                app_button_disable
 .text.app_error_handler_bare
                0x0000000000026f8c       0x1a Output/ble_app_blinky_pca10056_s140 Release/Obj/app_error.o
                0x0000000000026f8c                app_error_handler_bare
 *fill*         0x0000000000026fa6        0x2 
 .text.app_error_fault_handler
                0x0000000000026fa8       0x6c Output/ble_app_blinky_pca10056_s140 Release/Obj/app_error_weak.o
                0x0000000000026fa8                app_error_fault_handler
 .text.user_op_alloc
                0x0000000000027014       0x2c Output/ble_app_blinky_pca10056_s140 Release/Obj/app_timer.o
 .text.timer_stop_op_schedule
                0x0000000000027040       0x50 Output/ble_app_blinky_pca10056_s140 Release/Obj/app_timer.o
 .text.nrfx_coredep_delay_us.constprop.3
                0x0000000000027090       0x10 Output/ble_app_blinky_pca10056_s140 Release/Obj/app_timer.o
 .text.rtc1_stop
                0x00000000000270a0       0x44 Output/ble_app_blinky_pca10056_s140 Release/Obj/app_timer.o
 .text.RTC1_IRQHandler
                0x00000000000270e4       0x9c Output/ble_app_blinky_pca10056_s140 Release/Obj/app_timer.o
                0x00000000000270e4                RTC1_IRQHandler
 .text.SWI0_EGU0_IRQHandler
                0x0000000000027180      0x2ac Output/ble_app_blinky_pca10056_s140 Release/Obj/app_timer.o
                0x0000000000027180                SWI0_EGU0_IRQHandler
 .text.app_timer_init
                0x000000000002742c       0x60 Output/ble_app_blinky_pca10056_s140 Release/Obj/app_timer.o
                0x000000000002742c                app_timer_init
 .text.app_timer_create
                0x000000000002748c       0x24 Output/ble_app_blinky_pca10056_s140 Release/Obj/app_timer.o
                0x000000000002748c                app_timer_create
 .text.app_timer_start
                0x00000000000274b0       0x88 Output/ble_app_blinky_pca10056_s140 Release/Obj/app_timer.o
                0x00000000000274b0                app_timer_start
 .text.app_timer_stop
                0x0000000000027538       0x20 Output/ble_app_blinky_pca10056_s140 Release/Obj/app_timer.o
                0x0000000000027538                app_timer_stop
 .text.app_util_critical_region_enter
                0x0000000000027558       0x48 Output/ble_app_blinky_pca10056_s140 Release/Obj/app_util_platform.o
                0x0000000000027558                app_util_critical_region_enter
 .text.app_util_critical_region_exit
                0x00000000000275a0       0x2c Output/ble_app_blinky_pca10056_s140 Release/Obj/app_util_platform.o
                0x00000000000275a0                app_util_critical_region_exit
 .text.nrf_atflags_set
                0x00000000000275cc       0x12 Output/ble_app_blinky_pca10056_s140 Release/Obj/nrf_atflags.o
                0x00000000000275cc                nrf_atflags_set
 .text.nrf_atflags_clear
                0x00000000000275de       0x14 Output/ble_app_blinky_pca10056_s140 Release/Obj/nrf_atflags.o
                0x00000000000275de                nrf_atflags_clear
 .text.nrf_atflags_get
                0x00000000000275f2       0x12 Output/ble_app_blinky_pca10056_s140 Release/Obj/nrf_atflags.o
                0x00000000000275f2                nrf_atflags_get
 .text.nrf_atomic_u32_fetch_store
                0x0000000000027604       0x14 Output/ble_app_blinky_pca10056_s140 Release/Obj/nrf_atomic.o
                0x0000000000027604                nrf_atomic_u32_fetch_store
 .text.nrf_atomic_u32_or
                0x0000000000027618       0x16 Output/ble_app_blinky_pca10056_s140 Release/Obj/nrf_atomic.o
                0x0000000000027618                nrf_atomic_u32_or
 .text.nrf_atomic_u32_fetch_and
                0x000000000002762e       0x16 Output/ble_app_blinky_pca10056_s140 Release/Obj/nrf_atomic.o
                0x000000000002762e                nrf_atomic_u32_fetch_and
 .text.nrf_atomic_u32_and
                0x0000000000027644       0x16 Output/ble_app_blinky_pca10056_s140 Release/Obj/nrf_atomic.o
                0x0000000000027644                nrf_atomic_u32_and
 .text.nrf_atomic_u32_add
                0x000000000002765a       0x16 Output/ble_app_blinky_pca10056_s140 Release/Obj/nrf_atomic.o
                0x000000000002765a                nrf_atomic_u32_add
 .text.nrf_atomic_u32_sub
                0x0000000000027670       0x16 Output/ble_app_blinky_pca10056_s140 Release/Obj/nrf_atomic.o
                0x0000000000027670                nrf_atomic_u32_sub
 .text.nrf_atomic_flag_set
                0x0000000000027686        0x6 Output/ble_app_blinky_pca10056_s140 Release/Obj/nrf_atomic.o
                0x0000000000027686                nrf_atomic_flag_set
 .text.nrf_atomic_flag_clear_fetch
                0x000000000002768c        0x6 Output/ble_app_blinky_pca10056_s140 Release/Obj/nrf_atomic.o
                0x000000000002768c                nrf_atomic_flag_clear_fetch
 .text.nrf_balloc_init
                0x0000000000027692       0x2e Output/ble_app_blinky_pca10056_s140 Release/Obj/nrf_balloc.o
                0x0000000000027692                nrf_balloc_init
 .text.nrf_balloc_alloc
                0x00000000000276c0       0x46 Output/ble_app_blinky_pca10056_s140 Release/Obj/nrf_balloc.o
                0x00000000000276c0                nrf_balloc_alloc
 .text.nrf_balloc_free
                0x0000000000027706       0x32 Output/ble_app_blinky_pca10056_s140 Release/Obj/nrf_balloc.o
                0x0000000000027706                nrf_balloc_free
 .text.nrf_fprintf_buffer_flush
                0x0000000000027738       0x16 Output/ble_app_blinky_pca10056_s140 Release/Obj/nrf_fprintf.o
                0x0000000000027738                nrf_fprintf_buffer_flush
 .text.nrf_fprintf
                0x000000000002774e       0x1e Output/ble_app_blinky_pca10056_s140 Release/Obj/nrf_fprintf.o
                0x000000000002774e                nrf_fprintf
 .text.buffer_add
                0x000000000002776c       0x1e Output/ble_app_blinky_pca10056_s140 Release/Obj/nrf_fprintf_format.o
 *fill*         0x000000000002778a        0x2 
 .text.unsigned_print
                0x000000000002778c       0xac Output/ble_app_blinky_pca10056_s140 Release/Obj/nrf_fprintf_format.o
 .text.nrf_fprintf_fmt
                0x0000000000027838      0x28a Output/ble_app_blinky_pca10056_s140 Release/Obj/nrf_fprintf_format.o
                0x0000000000027838                nrf_fprintf_fmt
 .text.nrf_memobj_pool_init
                0x0000000000027ac2        0x4 Output/ble_app_blinky_pca10056_s140 Release/Obj/nrf_memobj.o
                0x0000000000027ac2                nrf_memobj_pool_init
 .text.nrf_memobj_free
                0x0000000000027ac6       0x2c Output/ble_app_blinky_pca10056_s140 Release/Obj/nrf_memobj.o
                0x0000000000027ac6                nrf_memobj_free
 .text.nrf_memobj_alloc
                0x0000000000027af2       0x5e Output/ble_app_blinky_pca10056_s140 Release/Obj/nrf_memobj.o
                0x0000000000027af2                nrf_memobj_alloc
 .text.nrf_memobj_get
                0x0000000000027b50        0x8 Output/ble_app_blinky_pca10056_s140 Release/Obj/nrf_memobj.o
                0x0000000000027b50                nrf_memobj_get
 .text.nrf_memobj_put
                0x0000000000027b58       0x1e Output/ble_app_blinky_pca10056_s140 Release/Obj/nrf_memobj.o
                0x0000000000027b58                nrf_memobj_put
 .text.nrf_memobj_write
                0x0000000000027b76       0x52 Output/ble_app_blinky_pca10056_s140 Release/Obj/nrf_memobj.o
                0x0000000000027b76                nrf_memobj_write
 .text.nrf_memobj_read
                0x0000000000027bc8       0x52 Output/ble_app_blinky_pca10056_s140 Release/Obj/nrf_memobj.o
                0x0000000000027bc8                nrf_memobj_read
 .text.sd_app_evt_wait
                0x0000000000027c1a        0x4 Output/ble_app_blinky_pca10056_s140 Release/Obj/nrf_pwr_mgmt.o
 *fill*         0x0000000000027c1e        0x2 
 .text.nrf_pwr_mgmt_init
                0x0000000000027c20       0x2c Output/ble_app_blinky_pca10056_s140 Release/Obj/nrf_pwr_mgmt.o
                0x0000000000027c20                nrf_pwr_mgmt_init
 .text.nrf_pwr_mgmt_run
                0x0000000000027c4c       0x4c Output/ble_app_blinky_pca10056_s140 Release/Obj/nrf_pwr_mgmt.o
                0x0000000000027c4c                nrf_pwr_mgmt_run
 .text.nrf_section_iter_init
                0x0000000000027c98       0x14 Output/ble_app_blinky_pca10056_s140 Release/Obj/nrf_section_iter.o
                0x0000000000027c98                nrf_section_iter_init
 .text.nrf_section_iter_next
                0x0000000000027cac       0x18 Output/ble_app_blinky_pca10056_s140 Release/Obj/nrf_section_iter.o
                0x0000000000027cac                nrf_section_iter_next
 .text.nrf_strerror_find
                0x0000000000027cc4       0x3c Output/ble_app_blinky_pca10056_s140 Release/Obj/nrf_strerror.o
                0x0000000000027cc4                nrf_strerror_find
 .text.nrf_strerror_get
                0x0000000000027d00       0x14 Output/ble_app_blinky_pca10056_s140 Release/Obj/nrf_strerror.o
                0x0000000000027d00                nrf_strerror_get
 .text.errata_98
                0x0000000000027d14       0x20 Output/ble_app_blinky_pca10056_s140 Release/Obj/system_nrf52840.o
 .text.SystemInit
                0x0000000000027d34      0x1b8 Output/ble_app_blinky_pca10056_s140 Release/Obj/system_nrf52840.o
                0x0000000000027d34                SystemInit
 .text.bsp_board_led_on
                0x0000000000027eec       0x28 Output/ble_app_blinky_pca10056_s140 Release/Obj/boards.o
                0x0000000000027eec                bsp_board_led_on
 .text.bsp_board_led_off
                0x0000000000027f14       0x28 Output/ble_app_blinky_pca10056_s140 Release/Obj/boards.o
                0x0000000000027f14                bsp_board_led_off
 .text.bsp_board_leds_off
                0x0000000000027f3c       0x1e Output/ble_app_blinky_pca10056_s140 Release/Obj/boards.o
                0x0000000000027f3c                bsp_board_leds_off
 .text.bsp_board_init
                0x0000000000027f5a       0x3e Output/ble_app_blinky_pca10056_s140 Release/Obj/boards.o
                0x0000000000027f5a                bsp_board_init
 .text.clock_clk_started_notify
                0x0000000000027f98       0x28 Output/ble_app_blinky_pca10056_s140 Release/Obj/nrf_drv_clock.o
 .text.clock_irq_handler
                0x0000000000027fc0       0x1c Output/ble_app_blinky_pca10056_s140 Release/Obj/nrf_drv_clock.o
 .text.soc_evt_handler
                0x0000000000027fdc       0x14 Output/ble_app_blinky_pca10056_s140 Release/Obj/nrf_drv_clock.o
 .text.nrf_drv_clock_init
                0x0000000000027ff0       0x38 Output/ble_app_blinky_pca10056_s140 Release/Obj/nrf_drv_clock.o
                0x0000000000027ff0                nrf_drv_clock_init
 .text.nrf_drv_clock_lfclk_release
                0x0000000000028028       0x30 Output/ble_app_blinky_pca10056_s140 Release/Obj/nrf_drv_clock.o
                0x0000000000028028                nrf_drv_clock_lfclk_release
 .text.sd_state_evt_handler
                0x0000000000028058       0x58 Output/ble_app_blinky_pca10056_s140 Release/Obj/nrf_drv_clock.o
 .text.uarte_evt_handler
                0x00000000000280b0       0x34 Output/ble_app_blinky_pca10056_s140 Release/Obj/nrf_drv_uart.o
 .text.uart_evt_handler
                0x00000000000280e4       0x34 Output/ble_app_blinky_pca10056_s140 Release/Obj/nrf_drv_uart.o
 .text.nrf_drv_uart_init
                0x0000000000028118       0x7c Output/ble_app_blinky_pca10056_s140 Release/Obj/nrf_drv_uart.o
                0x0000000000028118                nrf_drv_uart_init
 .text.nrf_clock_event_clear
                0x0000000000028194       0x14 Output/ble_app_blinky_pca10056_s140 Release/Obj/nrfx_clock.o
 .text.nrfx_clock_init
                0x00000000000281a8       0x1c Output/ble_app_blinky_pca10056_s140 Release/Obj/nrfx_clock.o
                0x00000000000281a8                nrfx_clock_init
 .text.nrfx_clock_enable
                0x00000000000281c4       0x28 Output/ble_app_blinky_pca10056_s140 Release/Obj/nrfx_clock.o
                0x00000000000281c4                nrfx_clock_enable
 .text.nrfx_clock_lfclk_stop
                0x00000000000281ec       0x18 Output/ble_app_blinky_pca10056_s140 Release/Obj/nrfx_clock.o
                0x00000000000281ec                nrfx_clock_lfclk_stop
 .text.POWER_CLOCK_IRQHandler
                0x0000000000028204       0x58 Output/ble_app_blinky_pca10056_s140 Release/Obj/nrfx_clock.o
                0x0000000000028204                POWER_CLOCK_IRQHandler
 .text.nrf_gpiote_event_clear
                0x000000000002825c       0x18 Output/ble_app_blinky_pca10056_s140 Release/Obj/nrfx_gpiote.o
 .text.nrf_gpio_pin_port_decode
                0x0000000000028274       0x18 Output/ble_app_blinky_pca10056_s140 Release/Obj/nrfx_gpiote.o
 .text.nrf_gpio_cfg_sense_set
                0x000000000002828c       0x32 Output/ble_app_blinky_pca10056_s140 Release/Obj/nrfx_gpiote.o
 *fill*         0x00000000000282be        0x2 
 .text.channel_free
                0x00000000000282c0       0x1c Output/ble_app_blinky_pca10056_s140 Release/Obj/nrfx_gpiote.o
 .text.nrfx_gpiote_init
                0x00000000000282dc       0x70 Output/ble_app_blinky_pca10056_s140 Release/Obj/nrfx_gpiote.o
                0x00000000000282dc                nrfx_gpiote_init
 .text.nrfx_gpiote_is_init
                0x000000000002834c       0x14 Output/ble_app_blinky_pca10056_s140 Release/Obj/nrfx_gpiote.o
                0x000000000002834c                nrfx_gpiote_is_init
 .text.nrfx_gpiote_in_init
                0x0000000000028360      0x10c Output/ble_app_blinky_pca10056_s140 Release/Obj/nrfx_gpiote.o
                0x0000000000028360                nrfx_gpiote_in_init
 .text.nrfx_gpiote_in_event_enable
                0x000000000002846c       0x94 Output/ble_app_blinky_pca10056_s140 Release/Obj/nrfx_gpiote.o
                0x000000000002846c                nrfx_gpiote_in_event_enable
 .text.nrfx_gpiote_in_event_disable
                0x0000000000028500       0x44 Output/ble_app_blinky_pca10056_s140 Release/Obj/nrfx_gpiote.o
                0x0000000000028500                nrfx_gpiote_in_event_disable
 .text.nrfx_gpiote_in_is_set
                0x0000000000028544       0x20 Output/ble_app_blinky_pca10056_s140 Release/Obj/nrfx_gpiote.o
                0x0000000000028544                nrfx_gpiote_in_is_set
 .text.GPIOTE_IRQHandler
                0x0000000000028564      0x1a4 Output/ble_app_blinky_pca10056_s140 Release/Obj/nrfx_gpiote.o
                0x0000000000028564                GPIOTE_IRQHandler
 .text.UARTE0_UART0_IRQHandler
                0x0000000000028708        0xc Output/ble_app_blinky_pca10056_s140 Release/Obj/nrfx_prs.o
                0x0000000000028708                UARTE0_UART0_IRQHandler
 .text.nrfx_prs_acquire
                0x0000000000028714       0x40 Output/ble_app_blinky_pca10056_s140 Release/Obj/nrfx_prs.o
                0x0000000000028714                nrfx_prs_acquire
 .text.nrfx_prs_release
                0x0000000000028754       0x18 Output/ble_app_blinky_pca10056_s140 Release/Obj/nrfx_prs.o
                0x0000000000028754                nrfx_prs_release
 .text.nrf_uart_event_clear
                0x000000000002876c       0x10 Output/ble_app_blinky_pca10056_s140 Release/Obj/nrfx_uart.o
 .text.tx_byte  0x000000000002877c       0x1e Output/ble_app_blinky_pca10056_s140 Release/Obj/nrfx_uart.o
 .text.rx_byte  0x000000000002879a       0x2c Output/ble_app_blinky_pca10056_s140 Release/Obj/nrfx_uart.o
 *fill*         0x00000000000287c6        0x2 
 .text.rx_done_event.constprop.7
                0x00000000000287c8       0x20 Output/ble_app_blinky_pca10056_s140 Release/Obj/nrfx_uart.o
 .text.nrfx_uart_0_irq_handler
                0x00000000000287e8      0x13c Output/ble_app_blinky_pca10056_s140 Release/Obj/nrfx_uart.o
                0x00000000000287e8                nrfx_uart_0_irq_handler
 .text.nrf_gpio_cfg_default
                0x0000000000028924       0x20 Output/ble_app_blinky_pca10056_s140 Release/Obj/nrfx_uart.o
 .text.nrfx_uart_init
                0x0000000000028944      0x1b4 Output/ble_app_blinky_pca10056_s140 Release/Obj/nrfx_uart.o
                0x0000000000028944                nrfx_uart_init
 .text.nrfx_uart_uninit
                0x0000000000028af8       0xac Output/ble_app_blinky_pca10056_s140 Release/Obj/nrfx_uart.o
                0x0000000000028af8                nrfx_uart_uninit
 .text.nrfx_uart_tx
                0x0000000000028ba4       0x94 Output/ble_app_blinky_pca10056_s140 Release/Obj/nrfx_uart.o
                0x0000000000028ba4                nrfx_uart_tx
 .text.nrf_uarte_event_clear
                0x0000000000028c38       0x10 Output/ble_app_blinky_pca10056_s140 Release/Obj/nrfx_uarte.o
 .text.rx_done_event.constprop.6
                0x0000000000028c48       0x24 Output/ble_app_blinky_pca10056_s140 Release/Obj/nrfx_uarte.o
 .text.nrfx_uarte_0_irq_handler
                0x0000000000028c6c       0xec Output/ble_app_blinky_pca10056_s140 Release/Obj/nrfx_uarte.o
                0x0000000000028c6c                nrfx_uarte_0_irq_handler
 .text.nrf_gpio_cfg_default
                0x0000000000028d58       0x20 Output/ble_app_blinky_pca10056_s140 Release/Obj/nrfx_uarte.o
 .text.nrfx_uarte_init
                0x0000000000028d78      0x1c4 Output/ble_app_blinky_pca10056_s140 Release/Obj/nrfx_uarte.o
                0x0000000000028d78                nrfx_uarte_init
 .text.nrfx_uarte_uninit
                0x0000000000028f3c       0xac Output/ble_app_blinky_pca10056_s140 Release/Obj/nrfx_uarte.o
                0x0000000000028f3c                nrfx_uarte_uninit
 .text.nrfx_uarte_tx
                0x0000000000028fe8       0x88 Output/ble_app_blinky_pca10056_s140 Release/Obj/nrfx_uarte.o
                0x0000000000028fe8                nrfx_uarte_tx
 .text.sd_ble_gap_adv_set_configure
                0x0000000000029070        0x4 Output/ble_app_blinky_pca10056_s140 Release/Obj/main.o
 .text.sd_ble_gap_adv_start
                0x0000000000029074        0x4 Output/ble_app_blinky_pca10056_s140 Release/Obj/main.o
 .text.sd_ble_gap_disconnect
                0x0000000000029078        0x4 Output/ble_app_blinky_pca10056_s140 Release/Obj/main.o
 .text.sd_ble_gap_ppcp_set
                0x000000000002907c        0x4 Output/ble_app_blinky_pca10056_s140 Release/Obj/main.o
 .text.sd_ble_gap_device_name_set
                0x0000000000029080        0x4 Output/ble_app_blinky_pca10056_s140 Release/Obj/main.o
 .text.sd_ble_gap_sec_params_reply
                0x0000000000029084        0x4 Output/ble_app_blinky_pca10056_s140 Release/Obj/main.o
 .text.sd_ble_gap_phy_update
                0x0000000000029088        0x4 Output/ble_app_blinky_pca10056_s140 Release/Obj/main.o
 .text.sd_ble_gatts_sys_attr_set
                0x000000000002908c        0x4 Output/ble_app_blinky_pca10056_s140 Release/Obj/main.o
 .text.nrf_qwr_error_handler
                0x0000000000029090        0x4 Output/ble_app_blinky_pca10056_s140 Release/Obj/main.o
 .text.advertising_start
                0x0000000000029094       0x20 Output/ble_app_blinky_pca10056_s140 Release/Obj/main.o
 .text.ble_evt_handler
                0x00000000000290b4       0xdc Output/ble_app_blinky_pca10056_s140 Release/Obj/main.o
 .text.on_conn_params_evt
                0x0000000000029190       0x20 Output/ble_app_blinky_pca10056_s140 Release/Obj/main.o
 .text.button_event_handler
                0x00000000000291b0       0x54 Output/ble_app_blinky_pca10056_s140 Release/Obj/main.o
 .text.led_write_handler
                0x0000000000029204       0x38 Output/ble_app_blinky_pca10056_s140 Release/Obj/main.o
 .text.conn_params_error_handler
                0x000000000002923c        0x4 Output/ble_app_blinky_pca10056_s140 Release/Obj/main.o
 .text.startup.main
                0x0000000000029240      0x214 Output/ble_app_blinky_pca10056_s140 Release/Obj/main.o
                0x0000000000029240                main
 .text.sd_ble_gap_addr_get
                0x0000000000029454        0x4 Output/ble_app_blinky_pca10056_s140 Release/Obj/ble_advdata.o
 .text.sd_ble_gap_appearance_get
                0x0000000000029458        0x4 Output/ble_app_blinky_pca10056_s140 Release/Obj/ble_advdata.o
 .text.sd_ble_gap_device_name_get
                0x000000000002945c        0x4 Output/ble_app_blinky_pca10056_s140 Release/Obj/ble_advdata.o
 .text.sd_ble_uuid_encode
                0x0000000000029460        0x4 Output/ble_app_blinky_pca10056_s140 Release/Obj/ble_advdata.o
 .text.uuid_list_sized_encode
                0x0000000000029464       0xa4 Output/ble_app_blinky_pca10056_s140 Release/Obj/ble_advdata.o
 .text.uuid_list_encode
                0x0000000000029508       0x34 Output/ble_app_blinky_pca10056_s140 Release/Obj/ble_advdata.o
 .text.ble_advdata_encode
                0x000000000002953c      0x37c Output/ble_app_blinky_pca10056_s140 Release/Obj/ble_advdata.o
                0x000000000002953c                ble_advdata_encode
 .text.sd_ble_gap_conn_param_update
                0x00000000000298b8        0x4 Output/ble_app_blinky_pca10056_s140 Release/Obj/ble_conn_params.o
 .text.sd_ble_gap_disconnect
                0x00000000000298bc        0x4 Output/ble_app_blinky_pca10056_s140 Release/Obj/ble_conn_params.o
 .text.sd_ble_gap_ppcp_set
                0x00000000000298c0        0x4 Output/ble_app_blinky_pca10056_s140 Release/Obj/ble_conn_params.o
 .text.sd_ble_gap_ppcp_get
                0x00000000000298c4        0x4 Output/ble_app_blinky_pca10056_s140 Release/Obj/ble_conn_params.o
 .text.instance_get
                0x00000000000298c8       0x14 Output/ble_app_blinky_pca10056_s140 Release/Obj/ble_conn_params.o
 .text.send_error_evt
                0x00000000000298dc       0x10 Output/ble_app_blinky_pca10056_s140 Release/Obj/ble_conn_params.o
 .text.update_timeout_handler
                0x00000000000298ec       0x6c Output/ble_app_blinky_pca10056_s140 Release/Obj/ble_conn_params.o
 .text.conn_params_negotiation
                0x0000000000029958       0x48 Output/ble_app_blinky_pca10056_s140 Release/Obj/ble_conn_params.o
 .text.is_conn_params_ok.constprop.3
                0x00000000000299a0       0x3c Output/ble_app_blinky_pca10056_s140 Release/Obj/ble_conn_params.o
 .text.ble_evt_handler
                0x00000000000299dc       0xe0 Output/ble_app_blinky_pca10056_s140 Release/Obj/ble_conn_params.o
 .text.ble_conn_params_init
                0x0000000000029abc       0x74 Output/ble_app_blinky_pca10056_s140 Release/Obj/ble_conn_params.o
                0x0000000000029abc                ble_conn_params_init
 .text.conn_handle_list_get
                0x0000000000029b30       0x2e Output/ble_app_blinky_pca10056_s140 Release/Obj/ble_conn_state.o
                0x0000000000029b30                conn_handle_list_get
 *fill*         0x0000000000029b5e        0x2 
 .text.ble_evt_handler
                0x0000000000029b60       0xd8 Output/ble_app_blinky_pca10056_s140 Release/Obj/ble_conn_state.o
 .text.ble_srv_is_notification_enabled
                0x0000000000029c38        0x8 Output/ble_app_blinky_pca10056_s140 Release/Obj/ble_srv_common.o
                0x0000000000029c38                ble_srv_is_notification_enabled
 .text.sd_ble_gap_data_length_update
                0x0000000000029c40        0x4 Output/ble_app_blinky_pca10056_s140 Release/Obj/nrf_ble_gatt.o
 .text.sd_ble_gattc_exchange_mtu_request
                0x0000000000029c44        0x4 Output/ble_app_blinky_pca10056_s140 Release/Obj/nrf_ble_gatt.o
 .text.sd_ble_gatts_exchange_mtu_reply
                0x0000000000029c48        0x4 Output/ble_app_blinky_pca10056_s140 Release/Obj/nrf_ble_gatt.o
 .text.data_length_update
                0x0000000000029c4c       0x84 Output/ble_app_blinky_pca10056_s140 Release/Obj/nrf_ble_gatt.o
 .text.nrf_ble_gatt_init
                0x0000000000029cd0       0x28 Output/ble_app_blinky_pca10056_s140 Release/Obj/nrf_ble_gatt.o
                0x0000000000029cd0                nrf_ble_gatt_init
 .text.nrf_ble_gatt_on_ble_evt
                0x0000000000029cf8      0x1a4 Output/ble_app_blinky_pca10056_s140 Release/Obj/nrf_ble_gatt.o
                0x0000000000029cf8                nrf_ble_gatt_on_ble_evt
 .text.sd_ble_gatts_rw_authorize_reply
                0x0000000000029e9c        0x4 Output/ble_app_blinky_pca10056_s140 Release/Obj/nrf_ble_qwr.o
 .text.sd_ble_user_mem_reply
                0x0000000000029ea0        0x4 Output/ble_app_blinky_pca10056_s140 Release/Obj/nrf_ble_qwr.o
 .text.user_mem_reply.part.0
                0x0000000000029ea4       0x24 Output/ble_app_blinky_pca10056_s140 Release/Obj/nrf_ble_qwr.o
 .text.nrf_ble_qwr_init
                0x0000000000029ec8       0x24 Output/ble_app_blinky_pca10056_s140 Release/Obj/nrf_ble_qwr.o
                0x0000000000029ec8                nrf_ble_qwr_init
 .text.nrf_ble_qwr_conn_handle_assign
                0x0000000000029eec       0x16 Output/ble_app_blinky_pca10056_s140 Release/Obj/nrf_ble_qwr.o
                0x0000000000029eec                nrf_ble_qwr_conn_handle_assign
 .text.nrf_ble_qwr_on_ble_evt
                0x0000000000029f02       0xa0 Output/ble_app_blinky_pca10056_s140 Release/Obj/nrf_ble_qwr.o
                0x0000000000029f02                nrf_ble_qwr_on_ble_evt
 .text.sd_ble_gatts_service_add
                0x0000000000029fa2        0x4 Output/ble_app_blinky_pca10056_s140 Release/Obj/ble_lbs.o
 .text.sd_ble_gatts_characteristic_add
                0x0000000000029fa6        0x4 Output/ble_app_blinky_pca10056_s140 Release/Obj/ble_lbs.o
 .text.sd_ble_gatts_hvx
                0x0000000000029faa        0x4 Output/ble_app_blinky_pca10056_s140 Release/Obj/ble_lbs.o
 .text.sd_ble_uuid_vs_add
                0x0000000000029fae        0x4 Output/ble_app_blinky_pca10056_s140 Release/Obj/ble_lbs.o
 .text.ble_lbs_on_ble_evt
                0x0000000000029fb2       0x2a Output/ble_app_blinky_pca10056_s140 Release/Obj/ble_lbs.o
                0x0000000000029fb2                ble_lbs_on_ble_evt
 .text.ble_lbs_init
                0x0000000000029fdc      0x1c4 Output/ble_app_blinky_pca10056_s140 Release/Obj/ble_lbs.o
                0x0000000000029fdc                ble_lbs_init
 .text.ble_lbs_on_button_change
                0x000000000002a1a0       0x40 Output/ble_app_blinky_pca10056_s140 Release/Obj/ble_lbs.o
                0x000000000002a1a0                ble_lbs_on_button_change
 .text.sd_softdevice_enable
                0x000000000002a1e0        0x4 Output/ble_app_blinky_pca10056_s140 Release/Obj/nrf_sdh.o
 .text.sdh_request_observer_notify
                0x000000000002a1e4       0x30 Output/ble_app_blinky_pca10056_s140 Release/Obj/nrf_sdh.o
 .text.sdh_state_observer_notify
                0x000000000002a214       0x28 Output/ble_app_blinky_pca10056_s140 Release/Obj/nrf_sdh.o
 .text.softdevices_evt_irq_enable
                0x000000000002a23c       0x38 Output/ble_app_blinky_pca10056_s140 Release/Obj/nrf_sdh.o
 .text.nrf_sdh_enable_request
                0x000000000002a274       0x78 Output/ble_app_blinky_pca10056_s140 Release/Obj/nrf_sdh.o
                0x000000000002a274                nrf_sdh_enable_request
 .text.nrf_sdh_is_enabled
                0x000000000002a2ec        0xc Output/ble_app_blinky_pca10056_s140 Release/Obj/nrf_sdh.o
                0x000000000002a2ec                nrf_sdh_is_enabled
 .text.nrf_sdh_evts_poll
                0x000000000002a2f8       0x28 Output/ble_app_blinky_pca10056_s140 Release/Obj/nrf_sdh.o
                0x000000000002a2f8                nrf_sdh_evts_poll
 .text.SWI2_EGU2_IRQHandler
                0x000000000002a320        0x4 Output/ble_app_blinky_pca10056_s140 Release/Obj/nrf_sdh.o
                0x000000000002a320                SWI2_EGU2_IRQHandler
 .text.sd_ble_enable
                0x000000000002a324        0x4 Output/ble_app_blinky_pca10056_s140 Release/Obj/nrf_sdh_ble.o
 .text.sd_ble_cfg_set
                0x000000000002a328        0x4 Output/ble_app_blinky_pca10056_s140 Release/Obj/nrf_sdh_ble.o
 .text.sd_ble_evt_get
                0x000000000002a32c        0x4 Output/ble_app_blinky_pca10056_s140 Release/Obj/nrf_sdh_ble.o
 .text.nrf_sdh_ble_evts_poll
                0x000000000002a330       0x50 Output/ble_app_blinky_pca10056_s140 Release/Obj/nrf_sdh_ble.o
 .text.nrf_sdh_ble_default_cfg_set
                0x000000000002a380      0x158 Output/ble_app_blinky_pca10056_s140 Release/Obj/nrf_sdh_ble.o
                0x000000000002a380                nrf_sdh_ble_default_cfg_set
 .text.nrf_sdh_ble_enable
                0x000000000002a4d8       0x94 Output/ble_app_blinky_pca10056_s140 Release/Obj/nrf_sdh_ble.o
                0x000000000002a4d8                nrf_sdh_ble_enable
 .text.sd_evt_get
                0x000000000002a56c        0x4 Output/ble_app_blinky_pca10056_s140 Release/Obj/nrf_sdh_soc.o
 .text.nrf_sdh_soc_evts_poll
                0x000000000002a570       0x3c Output/ble_app_blinky_pca10056_s140 Release/Obj/nrf_sdh_soc.o
 .text.libc.__RAL_ascii_isctype
                0x000000000002a5ac       0x1c /Applications/SEGGER Embedded Studio for ARM 3.50/lib/libc_v7em_fpv4_sp_d16_hard_t_le_eabi.a(libc2.o)
 .text.libc.__RAL_ascii_toupper
                0x000000000002a5c8        0xc /Applications/SEGGER Embedded Studio for ARM 3.50/lib/libc_v7em_fpv4_sp_d16_hard_t_le_eabi.a(libc2.o)
 .text.libc.__RAL_ascii_tolower
                0x000000000002a5d4        0xc /Applications/SEGGER Embedded Studio for ARM 3.50/lib/libc_v7em_fpv4_sp_d16_hard_t_le_eabi.a(libc2.o)
 .text.libc.__RAL_ascii_iswctype
                0x000000000002a5e0       0x1c /Applications/SEGGER Embedded Studio for ARM 3.50/lib/libc_v7em_fpv4_sp_d16_hard_t_le_eabi.a(libc2.o)
 .text.libc.__RAL_ascii_towupper
                0x000000000002a5fc        0xc /Applications/SEGGER Embedded Studio for ARM 3.50/lib/libc_v7em_fpv4_sp_d16_hard_t_le_eabi.a(libc2.o)
 .text.libc.__RAL_ascii_towlower
                0x000000000002a608        0xc /Applications/SEGGER Embedded Studio for ARM 3.50/lib/libc_v7em_fpv4_sp_d16_hard_t_le_eabi.a(libc2.o)
 .text.libc.__RAL_ascii_wctomb
                0x000000000002a614        0xe /Applications/SEGGER Embedded Studio for ARM 3.50/lib/libc_v7em_fpv4_sp_d16_hard_t_le_eabi.a(libc2.o)
                0x000000000002a614                __RAL_ascii_wctomb
 .text.libc.__RAL_ascii_mbtowc
                0x000000000002a622       0x24 /Applications/SEGGER Embedded Studio for ARM 3.50/lib/libc_v7em_fpv4_sp_d16_hard_t_le_eabi.a(libc2.o)
                0x000000000002a622                __RAL_ascii_mbtowc
 *fill*         0x000000000002a646        0x2 
 .text.libc.__RAL_isctype
                0x000000000002a648       0x14 /Applications/SEGGER Embedded Studio for ARM 3.50/lib/libc_v7em_fpv4_sp_d16_hard_t_le_eabi.a(libc2.o)
                0x000000000002a648                __RAL_isctype
 .text.libc.isprint
                0x000000000002a65c        0xa /Applications/SEGGER Embedded Studio for ARM 3.50/lib/libc_v7em_fpv4_sp_d16_hard_t_le_eabi.a(libc2.o)
                0x000000000002a65c                isprint
 .text.libc.memcpy
                0x000000000002a666       0x52 /Applications/SEGGER Embedded Studio for ARM 3.50/lib/libc_v7em_fpv4_sp_d16_hard_t_le_eabi.a(libc2_asm.o)
                0x000000000002a666                memcpy
                0x000000000002a666                __aeabi_memcpy
                0x000000000002a672                __aeabi_memcpy4
                0x000000000002a672                __aeabi_memcpy8
 .text.libc.memset
                0x000000000002a6b8       0x66 /Applications/SEGGER Embedded Studio for ARM 3.50/lib/libc_v7em_fpv4_sp_d16_hard_t_le_eabi.a(libc2_asm.o)
                0x000000000002a6b8                memset
 .text.libc.strlen
                0x000000000002a71e       0x60 /Applications/SEGGER Embedded Studio for ARM 3.50/lib/libc_v7em_fpv4_sp_d16_hard_t_le_eabi.a(libc2_asm.o)
                0x000000000002a71e                strlen
                0x000000000002a77e                __text_end__ = (__text_start__ + SIZEOF (.text))
                0x000000000000445a                __text_size__ = SIZEOF (.text)
                0x000000000002a77e                __text_load_end__ = __text_end__

.vfp11_veneer   0x0000000100000000        0x0
 .vfp11_veneer  0x0000000100000000        0x0 linker stubs

.v4_bx          0x0000000100000000        0x0
 .v4_bx         0x0000000100000000        0x0 linker stubs

.iplt           0x0000000100000000        0x0
 .iplt          0x0000000100000000        0x0 Output/ble_app_blinky_pca10056_s140 Release/Obj/thumb_crt0.o
                0x0000000000000001                . = ASSERT (((__text_start__ == __text_end__) || ((__text_end__ >= __FLASH_segment_start__) && (__text_end__ <= __FLASH_segment_end__))), error: .text is too large to fit in FLASH memory segment)
                0x000000000002a780                __sdh_soc_observers_load_start__ = ALIGN (__text_end__, 0x4)

.sdh_soc_observers
                0x000000000002a780        0x8
                0x000000000002a780                __sdh_soc_observers_start__ = .
                0x000000000002a780                __start_sdh_soc_observers = __sdh_soc_observers_start__
 *(SORT_BY_NAME(.sdh_soc_observers*))
 .sdh_soc_observers0
                0x000000000002a780        0x8 Output/ble_app_blinky_pca10056_s140 Release/Obj/nrf_drv_clock.o
                0x000000000002a788                __sdh_soc_observers_end__ = (__sdh_soc_observers_start__ + SIZEOF (.sdh_soc_observers))
                0x0000000000000008                __sdh_soc_observers_size__ = SIZEOF (.sdh_soc_observers)
                0x000000000002a788                __stop_sdh_soc_observers = __sdh_soc_observers_end__
                0x000000000002a788                __sdh_soc_observers_load_end__ = __sdh_soc_observers_end__
                0x0000000000000001                . = ASSERT (((__sdh_soc_observers_start__ == __sdh_soc_observers_end__) || ((__sdh_soc_observers_end__ >= __FLASH_segment_start__) && (__sdh_soc_observers_end__ <= __FLASH_segment_end__))), error: .sdh_soc_observers is too large to fit in FLASH memory segment)
                0x000000000002a788                __pwr_mgmt_data_load_start__ = ALIGN (__sdh_soc_observers_end__, 0x4)

.pwr_mgmt_data  0x000000000002a788        0x0
                0x000000000002a788                __pwr_mgmt_data_start__ = .
                0x000000000002a788                __start_pwr_mgmt_data = __pwr_mgmt_data_start__
 *(SORT_BY_NAME(.pwr_mgmt_data*))
                0x000000000002a788                __pwr_mgmt_data_end__ = (__pwr_mgmt_data_start__ + SIZEOF (.pwr_mgmt_data))
                0x0000000000000000                __pwr_mgmt_data_size__ = SIZEOF (.pwr_mgmt_data)
                0x000000000002a788                __stop_pwr_mgmt_data = __pwr_mgmt_data_end__
                0x000000000002a788                __pwr_mgmt_data_load_end__ = __pwr_mgmt_data_end__
                0x0000000000000001                . = ASSERT (((__pwr_mgmt_data_start__ == __pwr_mgmt_data_end__) || ((__pwr_mgmt_data_end__ >= __FLASH_segment_start__) && (__pwr_mgmt_data_end__ <= __FLASH_segment_end__))), error: .pwr_mgmt_data is too large to fit in FLASH memory segment)
                0x000000000002a788                __sdh_ble_observers_load_start__ = ALIGN (__pwr_mgmt_data_end__, 0x4)

.sdh_ble_observers
                0x000000000002a788       0x30
                0x000000000002a788                __sdh_ble_observers_start__ = .
                0x000000000002a788                __start_sdh_ble_observers = __sdh_ble_observers_start__
 *(SORT_BY_NAME(.sdh_ble_observers*))
 .sdh_ble_observers0
                0x000000000002a788        0x8 Output/ble_app_blinky_pca10056_s140 Release/Obj/ble_conn_state.o
 .sdh_ble_observers1
                0x000000000002a790        0x8 Output/ble_app_blinky_pca10056_s140 Release/Obj/main.o
 .sdh_ble_observers1
                0x000000000002a798        0x8 Output/ble_app_blinky_pca10056_s140 Release/Obj/ble_conn_params.o
 .sdh_ble_observers2
                0x000000000002a7a0       0x10 Output/ble_app_blinky_pca10056_s140 Release/Obj/main.o
 .sdh_ble_observers3
                0x000000000002a7b0        0x8 Output/ble_app_blinky_pca10056_s140 Release/Obj/main.o
                0x000000000002a7b8                __sdh_ble_observers_end__ = (__sdh_ble_observers_start__ + SIZEOF (.sdh_ble_observers))
                0x0000000000000030                __sdh_ble_observers_size__ = SIZEOF (.sdh_ble_observers)
                0x000000000002a7b8                __stop_sdh_ble_observers = __sdh_ble_observers_end__
                0x000000000002a7b8                __sdh_ble_observers_load_end__ = __sdh_ble_observers_end__
                0x0000000000000001                . = ASSERT (((__sdh_ble_observers_start__ == __sdh_ble_observers_end__) || ((__sdh_ble_observers_end__ >= __FLASH_segment_start__) && (__sdh_ble_observers_end__ <= __FLASH_segment_end__))), error: .sdh_ble_observers is too large to fit in FLASH memory segment)
                0x000000000002a7b8                __log_const_data_load_start__ = ALIGN (__sdh_ble_observers_end__, 0x4)

.log_const_data
                0x000000000002a7b8       0x68
                0x000000000002a7b8                __log_const_data_start__ = .
                0x000000000002a7b8                __start_log_const_data = __log_const_data_start__
 *(SORT_BY_NAME(.log_const_data*))
 .log_const_data_CLOCK
                0x000000000002a7b8        0x8 Output/ble_app_blinky_pca10056_s140 Release/Obj/nrfx_clock.o
                0x000000000002a7b8                m_nrf_log_CLOCK_logs_data_const
 .log_const_data_GPIOTE
                0x000000000002a7c0        0x8 Output/ble_app_blinky_pca10056_s140 Release/Obj/nrfx_gpiote.o
                0x000000000002a7c0                m_nrf_log_GPIOTE_logs_data_const
 .log_const_data_PRS
                0x000000000002a7c8        0x8 Output/ble_app_blinky_pca10056_s140 Release/Obj/nrfx_prs.o
                0x000000000002a7c8                m_nrf_log_PRS_logs_data_const
 .log_const_data_UART
                0x000000000002a7d0        0x8 Output/ble_app_blinky_pca10056_s140 Release/Obj/nrfx_uart.o
                0x000000000002a7d0                m_nrf_log_UART_logs_data_const
 .log_const_data_UARTE
                0x000000000002a7d8        0x8 Output/ble_app_blinky_pca10056_s140 Release/Obj/nrfx_uarte.o
                0x000000000002a7d8                m_nrf_log_UARTE_logs_data_const
 .log_const_data_app
                0x000000000002a7e0        0x8 Output/ble_app_blinky_pca10056_s140 Release/Obj/nrf_log_frontend.o
                0x000000000002a7e0                m_nrf_log_app_logs_data_const
 .log_const_data_balloc_log_mempool
                0x000000000002a7e8        0x8 Output/ble_app_blinky_pca10056_s140 Release/Obj/nrf_log_frontend.o
                0x000000000002a7e8                m_nrf_log_balloc_log_mempool_logs_data_const
 .log_const_data_clock
                0x000000000002a7f0        0x8 Output/ble_app_blinky_pca10056_s140 Release/Obj/nrf_drv_clock.o
                0x000000000002a7f0                m_nrf_log_clock_logs_data_const
 .log_const_data_nrf_ble_gatt
                0x000000000002a7f8        0x8 Output/ble_app_blinky_pca10056_s140 Release/Obj/nrf_ble_gatt.o
                0x000000000002a7f8                m_nrf_log_nrf_ble_gatt_logs_data_const
 .log_const_data_nrf_sdh
                0x000000000002a800        0x8 Output/ble_app_blinky_pca10056_s140 Release/Obj/nrf_sdh.o
                0x000000000002a800                m_nrf_log_nrf_sdh_logs_data_const
 .log_const_data_nrf_sdh_ble
                0x000000000002a808        0x8 Output/ble_app_blinky_pca10056_s140 Release/Obj/nrf_sdh_ble.o
                0x000000000002a808                m_nrf_log_nrf_sdh_ble_logs_data_const
 .log_const_data_nrf_sdh_soc
                0x000000000002a810        0x8 Output/ble_app_blinky_pca10056_s140 Release/Obj/nrf_sdh_soc.o
                0x000000000002a810                m_nrf_log_nrf_sdh_soc_logs_data_const
 .log_const_data_pwr_mgmt
                0x000000000002a818        0x8 Output/ble_app_blinky_pca10056_s140 Release/Obj/nrf_pwr_mgmt.o
                0x000000000002a818                m_nrf_log_pwr_mgmt_logs_data_const
                0x000000000002a820                __log_const_data_end__ = (__log_const_data_start__ + SIZEOF (.log_const_data))
                0x0000000000000068                __log_const_data_size__ = SIZEOF (.log_const_data)
                0x000000000002a820                __stop_log_const_data = __log_const_data_end__
                0x000000000002a820                __log_const_data_load_end__ = __log_const_data_end__
                0x0000000000000001                . = ASSERT (((__log_const_data_start__ == __log_const_data_end__) || ((__log_const_data_end__ >= __FLASH_segment_start__) && (__log_const_data_end__ <= __FLASH_segment_end__))), error: .log_const_data is too large to fit in FLASH memory segment)
                0x000000000002a820                __nrf_balloc_load_start__ = ALIGN (__log_const_data_end__, 0x4)

.nrf_balloc     0x000000000002a820       0x18
                0x000000000002a820                __nrf_balloc_start__ = .
                0x000000000002a820                __start_nrf_balloc = __nrf_balloc_start__
 *(.nrf_balloc*)
 .nrf_balloc    0x000000000002a820       0x18 Output/ble_app_blinky_pca10056_s140 Release/Obj/nrf_log_frontend.o
                0x000000000002a820                log_mempool
                0x000000000002a838                __nrf_balloc_end__ = (__nrf_balloc_start__ + SIZEOF (.nrf_balloc))
                0x0000000000000018                __nrf_balloc_size__ = SIZEOF (.nrf_balloc)
                0x000000000002a838                __stop_nrf_balloc = __nrf_balloc_end__
                0x000000000002a838                __nrf_balloc_load_end__ = __nrf_balloc_end__
                0x0000000000000001                . = ASSERT (((__nrf_balloc_start__ == __nrf_balloc_end__) || ((__nrf_balloc_end__ >= __FLASH_segment_start__) && (__nrf_balloc_end__ <= __FLASH_segment_end__))), error: .nrf_balloc is too large to fit in FLASH memory segment)
                0x000000000002a838                __sdh_state_observers_load_start__ = ALIGN (__nrf_balloc_end__, 0x4)

.sdh_state_observers
                0x000000000002a838        0x8
                0x000000000002a838                __sdh_state_observers_start__ = .
                0x000000000002a838                __start_sdh_state_observers = __sdh_state_observers_start__
 *(SORT_BY_NAME(.sdh_state_observers*))
 .sdh_state_observers0
                0x000000000002a838        0x8 Output/ble_app_blinky_pca10056_s140 Release/Obj/nrf_drv_clock.o
                0x000000000002a840                __sdh_state_observers_end__ = (__sdh_state_observers_start__ + SIZEOF (.sdh_state_observers))
                0x0000000000000008                __sdh_state_observers_size__ = SIZEOF (.sdh_state_observers)
                0x000000000002a840                __stop_sdh_state_observers = __sdh_state_observers_end__
                0x000000000002a840                __sdh_state_observers_load_end__ = __sdh_state_observers_end__
                0x0000000000000001                . = ASSERT (((__sdh_state_observers_start__ == __sdh_state_observers_end__) || ((__sdh_state_observers_end__ >= __FLASH_segment_start__) && (__sdh_state_observers_end__ <= __FLASH_segment_end__))), error: .sdh_state_observers is too large to fit in FLASH memory segment)
                0x000000000002a840                __sdh_stack_observers_load_start__ = ALIGN (__sdh_state_observers_end__, 0x4)

.sdh_stack_observers
                0x000000000002a840       0x10
                0x000000000002a840                __sdh_stack_observers_start__ = .
                0x000000000002a840                __start_sdh_stack_observers = __sdh_stack_observers_start__
 *(SORT_BY_NAME(.sdh_stack_observers*))
 .sdh_stack_observers0
                0x000000000002a840        0x8 Output/ble_app_blinky_pca10056_s140 Release/Obj/nrf_sdh_ble.o
 .sdh_stack_observers0
                0x000000000002a848        0x8 Output/ble_app_blinky_pca10056_s140 Release/Obj/nrf_sdh_soc.o
                0x000000000002a850                __sdh_stack_observers_end__ = (__sdh_stack_observers_start__ + SIZEOF (.sdh_stack_observers))
                0x0000000000000010                __sdh_stack_observers_size__ = SIZEOF (.sdh_stack_observers)
                0x000000000002a850                __stop_sdh_stack_observers = __sdh_stack_observers_end__
                0x000000000002a850                __sdh_stack_observers_load_end__ = __sdh_stack_observers_end__
                0x0000000000000001                . = ASSERT (((__sdh_stack_observers_start__ == __sdh_stack_observers_end__) || ((__sdh_stack_observers_end__ >= __FLASH_segment_start__) && (__sdh_stack_observers_end__ <= __FLASH_segment_end__))), error: .sdh_stack_observers is too large to fit in FLASH memory segment)
                0x000000000002a850                __sdh_req_observers_load_start__ = ALIGN (__sdh_stack_observers_end__, 0x4)

.sdh_req_observers
                0x000000000002a850        0x0
                0x000000000002a850                __sdh_req_observers_start__ = .
                0x000000000002a850                __start_sdh_req_observers = __sdh_req_observers_start__
 *(SORT_BY_NAME(.sdh_req_observers*))
                0x000000000002a850                __sdh_req_observers_end__ = (__sdh_req_observers_start__ + SIZEOF (.sdh_req_observers))
                0x0000000000000000                __sdh_req_observers_size__ = SIZEOF (.sdh_req_observers)
                0x000000000002a850                __stop_sdh_req_observers = __sdh_req_observers_end__
                0x000000000002a850                __sdh_req_observers_load_end__ = __sdh_req_observers_end__
                0x0000000000000001                . = ASSERT (((__sdh_req_observers_start__ == __sdh_req_observers_end__) || ((__sdh_req_observers_end__ >= __FLASH_segment_start__) && (__sdh_req_observers_end__ <= __FLASH_segment_end__))), error: .sdh_req_observers is too large to fit in FLASH memory segment)
                0x000000000002a850                __nrf_queue_load_start__ = ALIGN (__sdh_req_observers_end__, 0x4)

.nrf_queue      0x000000000002a850        0x0
                0x000000000002a850                __nrf_queue_start__ = .
                0x000000000002a850                __start_nrf_queue = __nrf_queue_start__
 *(.nrf_queue*)
                0x000000000002a850                __nrf_queue_end__ = (__nrf_queue_start__ + SIZEOF (.nrf_queue))
                0x0000000000000000                __nrf_queue_size__ = SIZEOF (.nrf_queue)
                0x000000000002a850                __stop_nrf_queue = __nrf_queue_end__
                0x000000000002a850                __nrf_queue_load_end__ = __nrf_queue_end__
                0x0000000000000001                . = ASSERT (((__nrf_queue_start__ == __nrf_queue_end__) || ((__nrf_queue_end__ >= __FLASH_segment_start__) && (__nrf_queue_end__ <= __FLASH_segment_end__))), error: .nrf_queue is too large to fit in FLASH memory segment)
                0x000000000002a850                __cli_command_load_start__ = ALIGN (__nrf_queue_end__, 0x4)

.cli_command    0x000000000002a850        0x0
                0x000000000002a850                __cli_command_start__ = .
                0x000000000002a850                __start_cli_command = __cli_command_start__
 *(.cli_command*)
                0x000000000002a850                __cli_command_end__ = (__cli_command_start__ + SIZEOF (.cli_command))
                0x0000000000000000                __cli_command_size__ = SIZEOF (.cli_command)
                0x000000000002a850                __stop_cli_command = __cli_command_end__
                0x000000000002a850                __cli_command_load_end__ = __cli_command_end__
                0x0000000000000001                . = ASSERT (((__cli_command_start__ == __cli_command_end__) || ((__cli_command_end__ >= __FLASH_segment_start__) && (__cli_command_end__ <= __FLASH_segment_end__))), error: .cli_command is too large to fit in FLASH memory segment)
                0x000000000002a850                __crypto_data_load_start__ = ALIGN (__cli_command_end__, 0x4)

.crypto_data    0x000000000002a850        0x0
                0x000000000002a850                __crypto_data_start__ = .
                0x000000000002a850                __start_crypto_data = __crypto_data_start__
 *(SORT_BY_NAME(.crypto_data*))
                0x000000000002a850                __crypto_data_end__ = (__crypto_data_start__ + SIZEOF (.crypto_data))
                0x0000000000000000                __crypto_data_size__ = SIZEOF (.crypto_data)
                0x000000000002a850                __stop_crypto_data = __crypto_data_end__
                0x000000000002a850                __crypto_data_load_end__ = __crypto_data_end__
                0x0000000000000001                . = ASSERT (((__crypto_data_start__ == __crypto_data_end__) || ((__crypto_data_end__ >= __FLASH_segment_start__) && (__crypto_data_end__ <= __FLASH_segment_end__))), error: .crypto_data is too large to fit in FLASH memory segment)
                0x000000000002a850                __nrf_sections_load_start__ = ALIGN (__crypto_data_end__, 0x4)

.nrf_sections   0x000000000002a850        0x0
                0x000000000002a850                __nrf_sections_start__ = .
                0x000000000002a850                __start_nrf_sections = __nrf_sections_start__
 *(.nrf_sections .nrf_sections.*)
                0x000000000002a850                __nrf_sections_end__ = (__nrf_sections_start__ + SIZEOF (.nrf_sections))
                0x0000000000000000                __nrf_sections_size__ = SIZEOF (.nrf_sections)
                0x000000000002a850                __nrf_sections_load_end__ = __nrf_sections_end__
                0x0000000000000001                . = ASSERT (((__nrf_sections_start__ == __nrf_sections_end__) || ((__nrf_sections_end__ >= __FLASH_segment_start__) && (__nrf_sections_end__ <= __FLASH_segment_end__))), error: .nrf_sections is too large to fit in FLASH memory segment)
                0x000000000002a850                __log_dynamic_data_load_start__ = ALIGN (__nrf_sections_end__, 0x4)

.log_dynamic_data
                0x00000000200022e0       0x34 load address 0x000000000002a850
                0x00000000200022e0                __log_dynamic_data_start__ = .
 *(SORT_BY_NAME(.log_dynamic_data*))
 .log_dynamic_data_CLOCK
                0x00000000200022e0        0x4 Output/ble_app_blinky_pca10056_s140 Release/Obj/nrfx_clock.o
                0x00000000200022e0                m_nrf_log_CLOCK_logs_data_dynamic
 .log_dynamic_data_GPIOTE
                0x00000000200022e4        0x4 Output/ble_app_blinky_pca10056_s140 Release/Obj/nrfx_gpiote.o
                0x00000000200022e4                m_nrf_log_GPIOTE_logs_data_dynamic
 .log_dynamic_data_PRS
                0x00000000200022e8        0x4 Output/ble_app_blinky_pca10056_s140 Release/Obj/nrfx_prs.o
                0x00000000200022e8                m_nrf_log_PRS_logs_data_dynamic
 .log_dynamic_data_UART
                0x00000000200022ec        0x4 Output/ble_app_blinky_pca10056_s140 Release/Obj/nrfx_uart.o
                0x00000000200022ec                m_nrf_log_UART_logs_data_dynamic
 .log_dynamic_data_UARTE
                0x00000000200022f0        0x4 Output/ble_app_blinky_pca10056_s140 Release/Obj/nrfx_uarte.o
                0x00000000200022f0                m_nrf_log_UARTE_logs_data_dynamic
 .log_dynamic_data_app
                0x00000000200022f4        0x4 Output/ble_app_blinky_pca10056_s140 Release/Obj/nrf_log_frontend.o
                0x00000000200022f4                m_nrf_log_app_logs_data_dynamic
 .log_dynamic_data_balloc_log_mempool
                0x00000000200022f8        0x4 Output/ble_app_blinky_pca10056_s140 Release/Obj/nrf_log_frontend.o
                0x00000000200022f8                m_nrf_log_balloc_log_mempool_logs_data_dynamic
 .log_dynamic_data_clock
                0x00000000200022fc        0x4 Output/ble_app_blinky_pca10056_s140 Release/Obj/nrf_drv_clock.o
                0x00000000200022fc                m_nrf_log_clock_logs_data_dynamic
 .log_dynamic_data_nrf_ble_gatt
                0x0000000020002300        0x4 Output/ble_app_blinky_pca10056_s140 Release/Obj/nrf_ble_gatt.o
                0x0000000020002300                m_nrf_log_nrf_ble_gatt_logs_data_dynamic
 .log_dynamic_data_nrf_sdh
                0x0000000020002304        0x4 Output/ble_app_blinky_pca10056_s140 Release/Obj/nrf_sdh.o
                0x0000000020002304                m_nrf_log_nrf_sdh_logs_data_dynamic
 .log_dynamic_data_nrf_sdh_ble
                0x0000000020002308        0x4 Output/ble_app_blinky_pca10056_s140 Release/Obj/nrf_sdh_ble.o
                0x0000000020002308                m_nrf_log_nrf_sdh_ble_logs_data_dynamic
 .log_dynamic_data_nrf_sdh_soc
                0x000000002000230c        0x4 Output/ble_app_blinky_pca10056_s140 Release/Obj/nrf_sdh_soc.o
                0x000000002000230c                m_nrf_log_nrf_sdh_soc_logs_data_dynamic
 .log_dynamic_data_pwr_mgmt
                0x0000000020002310        0x4 Output/ble_app_blinky_pca10056_s140 Release/Obj/nrf_pwr_mgmt.o
                0x0000000020002310                m_nrf_log_pwr_mgmt_logs_data_dynamic
                0x0000000020002314                __log_dynamic_data_end__ = (__log_dynamic_data_start__ + SIZEOF (.log_dynamic_data))
                0x0000000000000034                __log_dynamic_data_size__ = SIZEOF (.log_dynamic_data)
                0x000000000002a884                __log_dynamic_data_load_end__ = (__log_dynamic_data_load_start__ + SIZEOF (.log_dynamic_data))
                0x0000000000000001                . = ASSERT (((__log_dynamic_data_load_start__ == __log_dynamic_data_load_end__) || ((__log_dynamic_data_load_end__ >= __FLASH_segment_start__) && (__log_dynamic_data_load_end__ <= __FLASH_segment_end__))), error: .log_dynamic_data is too large to fit in FLASH memory segment)

.log_dynamic_data_run
                0x00000000200022e0       0x34 load address 0x000000000002a850
                0x00000000200022e0                __log_dynamic_data_run_start__ = .
                0x00000000200022e0                __start_log_dynamic_data = __log_dynamic_data_run_start__
                0x0000000020002314                . = MAX ((__log_dynamic_data_run_start__ + SIZEOF (.log_dynamic_data)), .)
 *fill*         0x00000000200022e0       0x34 
                0x0000000020002314                __log_dynamic_data_run_end__ = (__log_dynamic_data_run_start__ + SIZEOF (.log_dynamic_data_run))
                0x0000000000000034                __log_dynamic_data_run_size__ = SIZEOF (.log_dynamic_data_run)
                0x0000000020002314                __stop_log_dynamic_data = __log_dynamic_data_run_end__
                0x0000000020002314                __log_dynamic_data_run_load_end__ = __log_dynamic_data_run_end__
                0x0000000000000001                . = ASSERT (((__log_dynamic_data_run_start__ == __log_dynamic_data_run_end__) || ((__log_dynamic_data_run_end__ >= __RAM_segment_start__) && (__log_dynamic_data_run_end__ <= __RAM_segment_end__))), error: .log_dynamic_data_run is too large to fit in RAM memory segment)
                0x000000000002a884                __cli_sorted_cmd_ptrs_load_start__ = ALIGN ((__log_dynamic_data_load_start__ + SIZEOF (.log_dynamic_data)), 0x4)

.cli_sorted_cmd_ptrs
                0x0000000020002314        0x0 load address 0x000000000002a884
                0x0000000020002314                __cli_sorted_cmd_ptrs_start__ = .
 *(.cli_sorted_cmd_ptrs*)
                0x0000000020002314                __cli_sorted_cmd_ptrs_end__ = (__cli_sorted_cmd_ptrs_start__ + SIZEOF (.cli_sorted_cmd_ptrs))
                0x0000000000000000                __cli_sorted_cmd_ptrs_size__ = SIZEOF (.cli_sorted_cmd_ptrs)
                0x000000000002a884                __cli_sorted_cmd_ptrs_load_end__ = (__cli_sorted_cmd_ptrs_load_start__ + SIZEOF (.cli_sorted_cmd_ptrs))
                0x0000000000000001                . = ASSERT (((__cli_sorted_cmd_ptrs_load_start__ == __cli_sorted_cmd_ptrs_load_end__) || ((__cli_sorted_cmd_ptrs_load_end__ >= __FLASH_segment_start__) && (__cli_sorted_cmd_ptrs_load_end__ <= __FLASH_segment_end__))), error: .cli_sorted_cmd_ptrs is too large to fit in FLASH memory segment)

.cli_sorted_cmd_ptrs_run
                0x0000000020002314        0x0
                0x0000000020002314                __cli_sorted_cmd_ptrs_run_start__ = .
                0x0000000020002314                __start_cli_sorted_cmd_ptrs = __cli_sorted_cmd_ptrs_run_start__
                0x0000000020002314                . = MAX ((__cli_sorted_cmd_ptrs_run_start__ + SIZEOF (.cli_sorted_cmd_ptrs)), .)
                0x0000000020002314                __cli_sorted_cmd_ptrs_run_end__ = (__cli_sorted_cmd_ptrs_run_start__ + SIZEOF (.cli_sorted_cmd_ptrs_run))
                0x0000000000000000                __cli_sorted_cmd_ptrs_run_size__ = SIZEOF (.cli_sorted_cmd_ptrs_run)
                0x0000000020002314                __stop_cli_sorted_cmd_ptrs = __cli_sorted_cmd_ptrs_run_end__
                0x0000000020002314                __cli_sorted_cmd_ptrs_run_load_end__ = __cli_sorted_cmd_ptrs_run_end__
                0x0000000000000001                . = ASSERT (((__cli_sorted_cmd_ptrs_run_start__ == __cli_sorted_cmd_ptrs_run_end__) || ((__cli_sorted_cmd_ptrs_run_end__ >= __RAM_segment_start__) && (__cli_sorted_cmd_ptrs_run_end__ <= __RAM_segment_end__))), error: .cli_sorted_cmd_ptrs_run is too large to fit in RAM memory segment)
                0x000000000002a884                __fs_data_load_start__ = ALIGN ((__cli_sorted_cmd_ptrs_load_start__ + SIZEOF (.cli_sorted_cmd_ptrs)), 0x4)

.fs_data        0x0000000020002314        0x0 load address 0x000000000002a884
                0x0000000020002314                __fs_data_start__ = .
 *(.fs_data*)
                0x0000000020002314                __fs_data_end__ = (__fs_data_start__ + SIZEOF (.fs_data))
                0x0000000000000000                __fs_data_size__ = SIZEOF (.fs_data)
                0x000000000002a884                __fs_data_load_end__ = (__fs_data_load_start__ + SIZEOF (.fs_data))
                0x0000000000000001                . = ASSERT (((__fs_data_load_start__ == __fs_data_load_end__) || ((__fs_data_load_end__ >= __FLASH_segment_start__) && (__fs_data_load_end__ <= __FLASH_segment_end__))), error: .fs_data is too large to fit in FLASH memory segment)

.fs_data_run    0x0000000020002314        0x0
                0x0000000020002314                __fs_data_run_start__ = .
                0x0000000020002314                __start_fs_data = __fs_data_run_start__
                0x0000000020002314                . = MAX ((__fs_data_run_start__ + SIZEOF (.fs_data)), .)
                0x0000000020002314                __fs_data_run_end__ = (__fs_data_run_start__ + SIZEOF (.fs_data_run))
                0x0000000000000000                __fs_data_run_size__ = SIZEOF (.fs_data_run)
                0x0000000020002314                __stop_fs_data = __fs_data_run_end__
                0x0000000020002314                __fs_data_run_load_end__ = __fs_data_run_end__
                0x0000000000000001                . = ASSERT (((__fs_data_run_start__ == __fs_data_run_end__) || ((__fs_data_run_end__ >= __RAM_segment_start__) && (__fs_data_run_end__ <= __RAM_segment_end__))), error: .fs_data_run is too large to fit in RAM memory segment)
                0x0000000020002314                __nrf_sections_run_end_load_start__ = ALIGN (__fs_data_run_end__, 0x4)

.nrf_sections_run_end
                0x0000000020002314        0x0
                0x0000000020002314                __nrf_sections_run_end_start__ = .
                0x0000000020002314                __end_nrf_sections_run = __nrf_sections_run_end_start__
 *(.nrf_sections_run_end .nrf_sections_run_end.*)
                0x0000000020002314                __nrf_sections_run_end_end__ = (__nrf_sections_run_end_start__ + SIZEOF (.nrf_sections_run_end))
                0x0000000000000000                __nrf_sections_run_end_size__ = SIZEOF (.nrf_sections_run_end)
                0x0000000020002314                __nrf_sections_run_end_load_end__ = __nrf_sections_run_end_end__
                0x0000000000000001                . = ASSERT (((__nrf_sections_run_end_start__ == __nrf_sections_run_end_end__) || ((__nrf_sections_run_end_end__ >= __RAM_segment_start__) && (__nrf_sections_run_end_end__ <= __RAM_segment_end__))), error: .nrf_sections_run_end is too large to fit in RAM memory segment)
                0x000000000002a884                __dtors_load_start__ = ALIGN ((__fs_data_load_start__ + SIZEOF (.fs_data)), 0x4)

.dtors          0x000000000002a884        0x0
                0x000000000002a884                __dtors_start__ = .
 *(SORT_BY_NAME(.dtors.*))
 *(.dtors)
 *(.fini_array)
 *(SORT_BY_NAME(.fini_array.*))
                0x000000000002a884                __dtors_end__ = (__dtors_start__ + SIZEOF (.dtors))
                0x0000000000000000                __dtors_size__ = SIZEOF (.dtors)
                0x000000000002a884                __dtors_load_end__ = __dtors_end__
                0x0000000000000001                . = ASSERT (((__dtors_start__ == __dtors_end__) || ((__dtors_end__ >= __FLASH_segment_start__) && (__dtors_end__ <= __FLASH_segment_end__))), error: .dtors is too large to fit in FLASH memory segment)
                0x000000000002a884                __ctors_load_start__ = ALIGN (__dtors_end__, 0x4)

.ctors          0x000000000002a884        0x0
                0x000000000002a884                __ctors_start__ = .
 *(SORT_BY_NAME(.ctors.*))
 *(.ctors)
 *(.init_array)
 *(SORT_BY_NAME(.init_array.*))
                0x000000000002a884                __ctors_end__ = (__ctors_start__ + SIZEOF (.ctors))
                0x0000000000000000                __ctors_size__ = SIZEOF (.ctors)
                0x000000000002a884                __ctors_load_end__ = __ctors_end__
                0x0000000000000001                . = ASSERT (((__ctors_start__ == __ctors_end__) || ((__ctors_end__ >= __FLASH_segment_start__) && (__ctors_end__ <= __FLASH_segment_end__))), error: .ctors is too large to fit in FLASH memory segment)
                0x000000000002a884                __rodata_load_start__ = ALIGN (__ctors_end__, 0x4)

.rodata         0x000000000002a884      0xd28
                0x000000000002a884                __rodata_start__ = .
 *(.rodata .rodata.* .gnu.linkonce.r.*)
 .rodata        0x000000000002a884       0x20 Output/ble_app_blinky_pca10056_s140 Release/Obj/nrf_log_backend_uart.o
 .rodata.nrf_log_backend_uart_api
                0x000000000002a8a4        0xc Output/ble_app_blinky_pca10056_s140 Release/Obj/nrf_log_backend_uart.o
                0x000000000002a8a4                nrf_log_backend_uart_api
 .rodata.nrf_log_frontend_dequeue.str1.1
                0x000000000002a8b0       0x11 Output/ble_app_blinky_pca10056_s140 Release/Obj/nrf_log_frontend.o
 .rodata.str1.1
                0x000000000002a8c1       0x17 Output/ble_app_blinky_pca10056_s140 Release/Obj/nrf_log_frontend.o
 .rodata.m_colors
                0x000000000002a8d8       0x24 Output/ble_app_blinky_pca10056_s140 Release/Obj/nrf_log_str_formatter.o
 .rodata.nrf_log_hexdump_entry_process.str1.1
                0x000000000002a8fc        0xf Output/ble_app_blinky_pca10056_s140 Release/Obj/nrf_log_str_formatter.o
                                         0x11 (size before relaxing)
 .rodata.postfix_process.str1.1
                0x000000000002a90b        0x8 Output/ble_app_blinky_pca10056_s140 Release/Obj/nrf_log_str_formatter.o
                                          0xb (size before relaxing)
 .rodata.prefix_process.str1.1
                0x000000000002a913       0x2a Output/ble_app_blinky_pca10056_s140 Release/Obj/nrf_log_str_formatter.o
 *fill*         0x000000000002a93d        0x3 
 .rodata.severity_names
                0x000000000002a940       0x14 Output/ble_app_blinky_pca10056_s140 Release/Obj/nrf_log_str_formatter.o
 .rodata.str1.1
                0x000000000002a954       0x4b Output/ble_app_blinky_pca10056_s140 Release/Obj/nrf_log_str_formatter.o
                                         0x51 (size before relaxing)
 *fill*         0x000000000002a99f        0x1 
 .rodata.m_detection_delay_timer_id
                0x000000000002a9a0        0x4 Output/ble_app_blinky_pca10056_s140 Release/Obj/app_button.o
 .rodata.app_error_fault_handler.str1.1
                0x000000000002a9a4       0x19 Output/ble_app_blinky_pca10056_s140 Release/Obj/app_error_weak.o
 *fill*         0x000000000002a9bd        0x3 
 .rodata.delay_bytecode.8508
                0x000000000002a9c0        0x6 Output/ble_app_blinky_pca10056_s140 Release/Obj/app_timer.o
 .rodata._aV2C.7683
                0x000000000002a9c6       0x10 Output/ble_app_blinky_pca10056_s140 Release/Obj/nrf_fprintf_format.o
 *fill*         0x000000000002a9d6        0x2 
 .rodata.pwr_mgmt_data
                0x000000000002a9d8        0xc Output/ble_app_blinky_pca10056_s140 Release/Obj/nrf_pwr_mgmt.o
 .rodata.str1.1
                0x000000000002a9e4        0x9 Output/ble_app_blinky_pca10056_s140 Release/Obj/nrf_pwr_mgmt.o
 .rodata.m_unknown_str
                0x000000000002a9ed       0x13 Output/ble_app_blinky_pca10056_s140 Release/Obj/nrf_strerror.o
 .rodata.nrf_strerror_array
                0x000000000002aa00      0x128 Output/ble_app_blinky_pca10056_s140 Release/Obj/nrf_strerror.o
 .rodata.str1.1
                0x000000000002ab28      0x3ba Output/ble_app_blinky_pca10056_s140 Release/Obj/nrf_strerror.o
 .rodata.m_board_led_list
                0x000000000002aee2        0x4 Output/ble_app_blinky_pca10056_s140 Release/Obj/boards.o
 .rodata.str1.1
                0x000000000002aee6        0x6 Output/ble_app_blinky_pca10056_s140 Release/Obj/nrf_drv_clock.o
 .rodata.str1.1
                0x000000000002aeec        0x6 Output/ble_app_blinky_pca10056_s140 Release/Obj/nrfx_clock.o
 .rodata.str1.1
                0x000000000002aef2        0x7 Output/ble_app_blinky_pca10056_s140 Release/Obj/nrfx_gpiote.o
 .rodata.str1.1
                0x000000000002aef9        0x4 Output/ble_app_blinky_pca10056_s140 Release/Obj/nrfx_prs.o
 .rodata.str1.1
                0x000000000002aefd        0x5 Output/ble_app_blinky_pca10056_s140 Release/Obj/nrfx_uart.o
 .rodata.str1.1
                0x000000000002af02        0x6 Output/ble_app_blinky_pca10056_s140 Release/Obj/nrfx_uarte.o
 .rodata.ble_evt_handler.str1.1
                0x000000000002af08       0x17 Output/ble_app_blinky_pca10056_s140 Release/Obj/main.o
 .rodata.button_event_handler.str1.1
                0x000000000002af1f       0x1a Output/ble_app_blinky_pca10056_s140 Release/Obj/main.o
 .rodata.led_write_handler.str1.1
                0x000000000002af39       0x23 Output/ble_app_blinky_pca10056_s140 Release/Obj/main.o
 .rodata.main.str1.1
                0x000000000002af5c       0x26 Output/ble_app_blinky_pca10056_s140 Release/Obj/main.o
 .rodata.data_length_update.str1.1
                0x000000000002af82       0xdf Output/ble_app_blinky_pca10056_s140 Release/Obj/nrf_ble_gatt.o
 .rodata.nrf_ble_gatt_on_ble_evt.str1.1
                0x000000000002b061       0x60 Output/ble_app_blinky_pca10056_s140 Release/Obj/nrf_ble_gatt.o
 .rodata.str1.1
                0x000000000002b0c1        0xd Output/ble_app_blinky_pca10056_s140 Release/Obj/nrf_ble_gatt.o
 .rodata        0x000000000002b0ce       0x10 Output/ble_app_blinky_pca10056_s140 Release/Obj/ble_lbs.o
 .rodata        0x000000000002b0de        0x4 Output/ble_app_blinky_pca10056_s140 Release/Obj/nrf_sdh.o
 *fill*         0x000000000002b0e2        0x2 
 .rodata.sdh_req_observers
                0x000000000002b0e4        0xc Output/ble_app_blinky_pca10056_s140 Release/Obj/nrf_sdh.o
 .rodata.sdh_stack_observers
                0x000000000002b0f0        0xc Output/ble_app_blinky_pca10056_s140 Release/Obj/nrf_sdh.o
 .rodata.sdh_state_observers
                0x000000000002b0fc        0xc Output/ble_app_blinky_pca10056_s140 Release/Obj/nrf_sdh.o
 .rodata.str1.1
                0x000000000002b108        0x8 Output/ble_app_blinky_pca10056_s140 Release/Obj/nrf_sdh.o
 .rodata.nrf_sdh_ble_default_cfg_set.str1.1
                0x000000000002b110      0x182 Output/ble_app_blinky_pca10056_s140 Release/Obj/nrf_sdh_ble.o
 .rodata.nrf_sdh_ble_enable.str1.1
                0x000000000002b292       0xa7 Output/ble_app_blinky_pca10056_s140 Release/Obj/nrf_sdh_ble.o
 *fill*         0x000000000002b339        0x3 
 .rodata.sdh_ble_observers
                0x000000000002b33c        0xc Output/ble_app_blinky_pca10056_s140 Release/Obj/nrf_sdh_ble.o
 .rodata.str1.1
                0x000000000002b348        0xc Output/ble_app_blinky_pca10056_s140 Release/Obj/nrf_sdh_ble.o
 .rodata.sdh_soc_observers
                0x000000000002b354        0xc Output/ble_app_blinky_pca10056_s140 Release/Obj/nrf_sdh_soc.o
 .rodata.str1.1
                0x000000000002b360        0xc Output/ble_app_blinky_pca10056_s140 Release/Obj/nrf_sdh_soc.o
 .rodata.libc.__RAL_ascii_ctype_map
                0x000000000002b36c       0x80 /Applications/SEGGER Embedded Studio for ARM 3.50/lib/libc_v7em_fpv4_sp_d16_hard_t_le_eabi.a(libc2.o)
                0x000000000002b36c                __RAL_ascii_ctype_map
 .rodata.libc.__RAL_ascii_ctype_mask
                0x000000000002b3ec        0xd /Applications/SEGGER Embedded Studio for ARM 3.50/lib/libc_v7em_fpv4_sp_d16_hard_t_le_eabi.a(libc2.o)
 *fill*         0x000000000002b3f9        0x3 
 .rodata.libc.__RAL_c_locale
                0x000000000002b3fc        0xc /Applications/SEGGER Embedded Studio for ARM 3.50/lib/libc_v7em_fpv4_sp_d16_hard_t_le_eabi.a(libc2.o)
                0x000000000002b3fc                __RAL_c_locale
 .rodata.libc.__RAL_c_locale_abbrev_day_names
                0x000000000002b408       0x1d /Applications/SEGGER Embedded Studio for ARM 3.50/lib/libc_v7em_fpv4_sp_d16_hard_t_le_eabi.a(libc2.o)
                0x000000000002b408                __RAL_c_locale_abbrev_day_names
 *fill*         0x000000000002b425        0x3 
 .rodata.libc.__RAL_c_locale_abbrev_month_names
                0x000000000002b428       0x31 /Applications/SEGGER Embedded Studio for ARM 3.50/lib/libc_v7em_fpv4_sp_d16_hard_t_le_eabi.a(libc2.o)
                0x000000000002b428                __RAL_c_locale_abbrev_month_names
 *fill*         0x000000000002b459        0x3 
 .rodata.libc.__RAL_c_locale_am_pm_indicator
                0x000000000002b45c        0x7 /Applications/SEGGER Embedded Studio for ARM 3.50/lib/libc_v7em_fpv4_sp_d16_hard_t_le_eabi.a(libc2.o)
                0x000000000002b45c                __RAL_c_locale_am_pm_indicator
 *fill*         0x000000000002b463        0x1 
 .rodata.libc.__RAL_c_locale_data
                0x000000000002b464       0x58 /Applications/SEGGER Embedded Studio for ARM 3.50/lib/libc_v7em_fpv4_sp_d16_hard_t_le_eabi.a(libc2.o)
                0x000000000002b464                __RAL_c_locale_data
 .rodata.libc.__RAL_c_locale_date_format
                0x000000000002b4bc        0x9 /Applications/SEGGER Embedded Studio for ARM 3.50/lib/libc_v7em_fpv4_sp_d16_hard_t_le_eabi.a(libc2.o)
                0x000000000002b4bc                __RAL_c_locale_date_format
 *fill*         0x000000000002b4c5        0x3 
 .rodata.libc.__RAL_c_locale_date_time_format
                0x000000000002b4c8        0xf /Applications/SEGGER Embedded Studio for ARM 3.50/lib/libc_v7em_fpv4_sp_d16_hard_t_le_eabi.a(libc2.o)
                0x000000000002b4c8                __RAL_c_locale_date_time_format
 *fill*         0x000000000002b4d7        0x1 
 .rodata.libc.__RAL_c_locale_day_names
                0x000000000002b4d8       0x3a /Applications/SEGGER Embedded Studio for ARM 3.50/lib/libc_v7em_fpv4_sp_d16_hard_t_le_eabi.a(libc2.o)
                0x000000000002b4d8                __RAL_c_locale_day_names
 *fill*         0x000000000002b512        0x2 
 .rodata.libc.__RAL_c_locale_month_names
                0x000000000002b514       0x57 /Applications/SEGGER Embedded Studio for ARM 3.50/lib/libc_v7em_fpv4_sp_d16_hard_t_le_eabi.a(libc2.o)
                0x000000000002b514                __RAL_c_locale_month_names
 *fill*         0x000000000002b56b        0x1 
 .rodata.libc.__RAL_c_locale_time_format
                0x000000000002b56c        0x9 /Applications/SEGGER Embedded Studio for ARM 3.50/lib/libc_v7em_fpv4_sp_d16_hard_t_le_eabi.a(libc2.o)
                0x000000000002b56c                __RAL_c_locale_time_format
 *fill*         0x000000000002b575        0x3 
 .rodata.libc.__RAL_codeset_ascii
                0x000000000002b578       0x20 /Applications/SEGGER Embedded Studio for ARM 3.50/lib/libc_v7em_fpv4_sp_d16_hard_t_le_eabi.a(libc2.o)
                0x000000000002b578                __RAL_codeset_ascii
 .rodata.libc.__RAL_data_empty_string
                0x000000000002b598        0x1 /Applications/SEGGER Embedded Studio for ARM 3.50/lib/libc_v7em_fpv4_sp_d16_hard_t_le_eabi.a(libc2.o)
                0x000000000002b598                __RAL_data_empty_string
 *fill*         0x000000000002b599        0x3 
 .rodata.libc.__RAL_data_utf8_period
                0x000000000002b59c        0x2 /Applications/SEGGER Embedded Studio for ARM 3.50/lib/libc_v7em_fpv4_sp_d16_hard_t_le_eabi.a(libc2.o)
                0x000000000002b59c                __RAL_data_utf8_period
 *fill*         0x000000000002b59e        0x2 
 .rodata.libc.__RAL_find_locale.str1.4
                0x000000000002b5a0        0xc /Applications/SEGGER Embedded Studio for ARM 3.50/lib/libc_v7em_fpv4_sp_d16_hard_t_le_eabi.a(libc2.o)
                                          0xa (size before relaxing)
                0x000000000002b5ac                __rodata_end__ = (__rodata_start__ + SIZEOF (.rodata))
                0x0000000000000d28                __rodata_size__ = SIZEOF (.rodata)
                0x000000000002b5ac                __rodata_load_end__ = __rodata_end__

.rel.dyn        0x000000000002b5ac        0x0
 .rel.iplt      0x000000000002b5ac        0x0 Output/ble_app_blinky_pca10056_s140 Release/Obj/thumb_crt0.o
                0x0000000000000001                . = ASSERT (((__rodata_start__ == __rodata_end__) || ((__rodata_end__ >= __FLASH_segment_start__) && (__rodata_end__ <= __FLASH_segment_end__))), error: .rodata is too large to fit in FLASH memory segment)
                0x000000000002b5ac                __ARM.exidx_load_start__ = ALIGN (__rodata_end__, 0x4)

.ARM.exidx      0x000000000002b5ac        0x0
                0x000000000002b5ac                __ARM.exidx_start__ = .
                0x000000000002b5ac                __exidx_start = __ARM.exidx_start__
 *(.ARM.exidx .ARM.exidx.*)
                0x000000000002b5ac                __ARM.exidx_end__ = (__ARM.exidx_start__ + SIZEOF (.ARM.exidx))
                0x0000000000000000                __ARM.exidx_size__ = SIZEOF (.ARM.exidx)
                0x000000000002b5ac                __exidx_end = __ARM.exidx_end__
                0x000000000002b5ac                __ARM.exidx_load_end__ = __ARM.exidx_end__
                0x0000000000000001                . = ASSERT (((__ARM.exidx_start__ == __ARM.exidx_end__) || ((__ARM.exidx_end__ >= __FLASH_segment_start__) && (__ARM.exidx_end__ <= __FLASH_segment_end__))), error: .ARM.exidx is too large to fit in FLASH memory segment)
                0x000000000002b5ac                __fast_load_start__ = ALIGN (__ARM.exidx_end__, 0x4)

.fast           0x0000000020002314        0x0 load address 0x000000000002b5ac
                0x0000000020002314                __fast_start__ = .
 *(.fast .fast.*)
                0x0000000020002314                __fast_end__ = (__fast_start__ + SIZEOF (.fast))
                0x0000000000000000                __fast_size__ = SIZEOF (.fast)
                0x000000000002b5ac                __fast_load_end__ = (__fast_load_start__ + SIZEOF (.fast))
                0x0000000000000001                . = ASSERT (((__fast_load_start__ == __fast_load_end__) || ((__fast_load_end__ >= __FLASH_segment_start__) && (__fast_load_end__ <= __FLASH_segment_end__))), error: .fast is too large to fit in FLASH memory segment)

.fast_run       0x0000000020002314        0x0
                0x0000000020002314                __fast_run_start__ = .